Archive member included to satisfy reference by file (symbol)

c:/st/stm32cubeide_1.7.0/stm32cubeide/plugins/com.st.stm32cube.ide.mcu.externaltools.gnu-tools-for-stm32.9-2020-q2-update.win32_2.0.0.202105311346/tools/bin/../lib/gcc/arm-none-eabi/9.3.1/../../../../arm-none-eabi/lib/thumb/v7-m/nofp\libc_nano.a(lib_a-errno.o)
                              ./Core/Src/syscalls.o (__errno)
c:/st/stm32cubeide_1.7.0/stm32cubeide/plugins/com.st.stm32cube.ide.mcu.externaltools.gnu-tools-for-stm32.9-2020-q2-update.win32_2.0.0.202105311346/tools/bin/../lib/gcc/arm-none-eabi/9.3.1/../../../../arm-none-eabi/lib/thumb/v7-m/nofp\libc_nano.a(lib_a-exit.o)
                              c:/st/stm32cubeide_1.7.0/stm32cubeide/plugins/com.st.stm32cube.ide.mcu.externaltools.gnu-tools-for-stm32.9-2020-q2-update.win32_2.0.0.202105311346/tools/bin/../lib/gcc/arm-none-eabi/9.3.1/../../../../arm-none-eabi/lib/thumb/v7-m/nofp/crt0.o (exit)
c:/st/stm32cubeide_1.7.0/stm32cubeide/plugins/com.st.stm32cube.ide.mcu.externaltools.gnu-tools-for-stm32.9-2020-q2-update.win32_2.0.0.202105311346/tools/bin/../lib/gcc/arm-none-eabi/9.3.1/../../../../arm-none-eabi/lib/thumb/v7-m/nofp\libc_nano.a(lib_a-impure.o)
                              c:/st/stm32cubeide_1.7.0/stm32cubeide/plugins/com.st.stm32cube.ide.mcu.externaltools.gnu-tools-for-stm32.9-2020-q2-update.win32_2.0.0.202105311346/tools/bin/../lib/gcc/arm-none-eabi/9.3.1/../../../../arm-none-eabi/lib/thumb/v7-m/nofp\libc_nano.a(lib_a-exit.o) (_global_impure_ptr)
c:/st/stm32cubeide_1.7.0/stm32cubeide/plugins/com.st.stm32cube.ide.mcu.externaltools.gnu-tools-for-stm32.9-2020-q2-update.win32_2.0.0.202105311346/tools/bin/../lib/gcc/arm-none-eabi/9.3.1/../../../../arm-none-eabi/lib/thumb/v7-m/nofp\libc_nano.a(lib_a-init.o)
                              c:/st/stm32cubeide_1.7.0/stm32cubeide/plugins/com.st.stm32cube.ide.mcu.externaltools.gnu-tools-for-stm32.9-2020-q2-update.win32_2.0.0.202105311346/tools/bin/../lib/gcc/arm-none-eabi/9.3.1/../../../../arm-none-eabi/lib/thumb/v7-m/nofp/crt0.o (__libc_init_array)
c:/st/stm32cubeide_1.7.0/stm32cubeide/plugins/com.st.stm32cube.ide.mcu.externaltools.gnu-tools-for-stm32.9-2020-q2-update.win32_2.0.0.202105311346/tools/bin/../lib/gcc/arm-none-eabi/9.3.1/../../../../arm-none-eabi/lib/thumb/v7-m/nofp\libc_nano.a(lib_a-malloc.o)
                              ./Middlewares/Third_Party/FatFs/src/option/syscall.o (malloc)
c:/st/stm32cubeide_1.7.0/stm32cubeide/plugins/com.st.stm32cube.ide.mcu.externaltools.gnu-tools-for-stm32.9-2020-q2-update.win32_2.0.0.202105311346/tools/bin/../lib/gcc/arm-none-eabi/9.3.1/../../../../arm-none-eabi/lib/thumb/v7-m/nofp\libc_nano.a(lib_a-memset.o)
                              c:/st/stm32cubeide_1.7.0/stm32cubeide/plugins/com.st.stm32cube.ide.mcu.externaltools.gnu-tools-for-stm32.9-2020-q2-update.win32_2.0.0.202105311346/tools/bin/../lib/gcc/arm-none-eabi/9.3.1/../../../../arm-none-eabi/lib/thumb/v7-m/nofp/crt0.o (memset)
c:/st/stm32cubeide_1.7.0/stm32cubeide/plugins/com.st.stm32cube.ide.mcu.externaltools.gnu-tools-for-stm32.9-2020-q2-update.win32_2.0.0.202105311346/tools/bin/../lib/gcc/arm-none-eabi/9.3.1/../../../../arm-none-eabi/lib/thumb/v7-m/nofp\libc_nano.a(lib_a-nano-freer.o)
                              c:/st/stm32cubeide_1.7.0/stm32cubeide/plugins/com.st.stm32cube.ide.mcu.externaltools.gnu-tools-for-stm32.9-2020-q2-update.win32_2.0.0.202105311346/tools/bin/../lib/gcc/arm-none-eabi/9.3.1/../../../../arm-none-eabi/lib/thumb/v7-m/nofp\libc_nano.a(lib_a-malloc.o) (_free_r)
c:/st/stm32cubeide_1.7.0/stm32cubeide/plugins/com.st.stm32cube.ide.mcu.externaltools.gnu-tools-for-stm32.9-2020-q2-update.win32_2.0.0.202105311346/tools/bin/../lib/gcc/arm-none-eabi/9.3.1/../../../../arm-none-eabi/lib/thumb/v7-m/nofp\libc_nano.a(lib_a-nano-mallocr.o)
                              c:/st/stm32cubeide_1.7.0/stm32cubeide/plugins/com.st.stm32cube.ide.mcu.externaltools.gnu-tools-for-stm32.9-2020-q2-update.win32_2.0.0.202105311346/tools/bin/../lib/gcc/arm-none-eabi/9.3.1/../../../../arm-none-eabi/lib/thumb/v7-m/nofp\libc_nano.a(lib_a-malloc.o) (_malloc_r)
c:/st/stm32cubeide_1.7.0/stm32cubeide/plugins/com.st.stm32cube.ide.mcu.externaltools.gnu-tools-for-stm32.9-2020-q2-update.win32_2.0.0.202105311346/tools/bin/../lib/gcc/arm-none-eabi/9.3.1/../../../../arm-none-eabi/lib/thumb/v7-m/nofp\libc_nano.a(lib_a-sbrkr.o)
                              c:/st/stm32cubeide_1.7.0/stm32cubeide/plugins/com.st.stm32cube.ide.mcu.externaltools.gnu-tools-for-stm32.9-2020-q2-update.win32_2.0.0.202105311346/tools/bin/../lib/gcc/arm-none-eabi/9.3.1/../../../../arm-none-eabi/lib/thumb/v7-m/nofp\libc_nano.a(lib_a-nano-mallocr.o) (_sbrk_r)
c:/st/stm32cubeide_1.7.0/stm32cubeide/plugins/com.st.stm32cube.ide.mcu.externaltools.gnu-tools-for-stm32.9-2020-q2-update.win32_2.0.0.202105311346/tools/bin/../lib/gcc/arm-none-eabi/9.3.1/../../../../arm-none-eabi/lib/thumb/v7-m/nofp\libc_nano.a(lib_a-sprintf.o)
                              ./Core/Src/main.o (sprintf)
[...]
Memory Configuration

Name             Origin             Length             Attributes
RAM              0x0000000020000000 0x0000000000005000 xrw
FLASH            0x0000000008000000 0x0000000000010000 xr
*default*        0x0000000000000000 0xffffffffffffffff

Linker script and memory map

LOAD c:/st/stm32cubeide_1.7.0/stm32cubeide/plugins/com.st.stm32cube.ide.mcu.externaltools.gnu-tools-for-stm32.9-2020-q2-update.win32_2.0.0.202105311346/tools/bin/../lib/gcc/arm-none-eabi/9.3.1/thumb/v7-m/nofp/crti.o
LOAD c:/st/stm32cubeide_1.7.0/stm32cubeide/plugins/com.st.stm32cube.ide.mcu.externaltools.gnu-tools-for-stm32.9-2020-q2-update.win32_2.0.0.202105311346/tools/bin/../lib/gcc/arm-none-eabi/9.3.1/thumb/v7-m/nofp/crtbegin.o
LOAD c:/st/stm32cubeide_1.7.0/stm32cubeide/plugins/com.st.stm32cube.ide.mcu.externaltools.gnu-tools-for-stm32.9-2020-q2-update.win32_2.0.0.202105311346/tools/bin/../lib/gcc/arm-none-eabi/9.3.1/../../../../arm-none-eabi/lib/thumb/v7-m/nofp/crt0.o
LOAD ./Core/Src/fatfs_sd.o
LOAD ./Core/Src/i2c-lcd.o
LOAD ./Core/Src/main.o
LOAD ./Core/Src/stm32f1xx_hal_msp.o
LOAD ./Core/Src/stm32f1xx_it.o
LOAD ./Core/Src/subrutinas.o
LOAD ./Core/Src/syscalls.o
LOAD ./Core/Src/sysmem.o
LOAD ./Core/Src/system_stm32f1xx.o
LOAD ./Core/Startup/startup_stm32f103c8tx.o
LOAD ./Drivers/STM32F1xx_HAL_Driver/Src/stm32f1xx_hal.o
LOAD ./Drivers/STM32F1xx_HAL_Driver/Src/stm32f1xx_hal_cortex.o
LOAD ./Drivers/STM32F1xx_HAL_Driver/Src/stm32f1xx_hal_dma.o
LOAD ./Drivers/STM32F1xx_HAL_Driver/Src/stm32f1xx_hal_exti.o
LOAD ./Drivers/STM32F1xx_HAL_Driver/Src/stm32f1xx_hal_flash.o
LOAD ./Drivers/STM32F1xx_HAL_Driver/Src/stm32f1xx_hal_flash_ex.o
LOAD ./Drivers/STM32F1xx_HAL_Driver/Src/stm32f1xx_hal_gpio.o
LOAD ./Drivers/STM32F1xx_HAL_Driver/Src/stm32f1xx_hal_gpio_ex.o
LOAD ./Drivers/STM32F1xx_HAL_Driver/Src/stm32f1xx_hal_i2c.o
LOAD ./Drivers/STM32F1xx_HAL_Driver/Src/stm32f1xx_hal_pwr.o
LOAD ./Drivers/STM32F1xx_HAL_Driver/Src/stm32f1xx_hal_rcc.o
LOAD ./Drivers/STM32F1xx_HAL_Driver/Src/stm32f1xx_hal_rcc_ex.o
LOAD ./Drivers/STM32F1xx_HAL_Driver/Src/stm32f1xx_hal_spi.o
LOAD ./Drivers/STM32F1xx_HAL_Driver/Src/stm32f1xx_hal_tim.o
LOAD ./Drivers/STM32F1xx_HAL_Driver/Src/stm32f1xx_hal_tim_ex.o
LOAD ./Drivers/STM32F1xx_HAL_Driver/Src/stm32f1xx_hal_uart.o
LOAD ./FATFS/App/fatfs.o
LOAD ./FATFS/Target/user_diskio.o
LOAD ./Middlewares/Third_Party/FatFs/src/diskio.o
LOAD ./Middlewares/Third_Party/FatFs/src/ff.o
LOAD ./Middlewares/Third_Party/FatFs/src/ff_gen_drv.o
LOAD ./Middlewares/Third_Party/FatFs/src/option/ccsbcs.o
LOAD ./Middlewares/Third_Party/FatFs/src/option/syscall.o
START GROUP
LOAD c:/st/stm32cubeide_1.7.0/stm32cubeide/plugins/com.st.stm32cube.ide.mcu.externaltools.gnu-tools-for-stm32.9-2020-q2-update.win32_2.0.0.202105311346/tools/bin/../lib/gcc/arm-none-eabi/9.3.1/../../../../arm-none-eabi/lib/thumb/v7-m/nofp\libc_nano.a
LOAD c:/st/stm32cubeide_1.7.0/stm32cubeide/plugins/com.st.stm32cube.ide.mcu.externaltools.gnu-tools-for-stm32.9-2020-q2-update.win32_2.0.0.202105311346/tools/bin/../lib/gcc/arm-none-eabi/9.3.1/../../../../arm-none-eabi/lib/thumb/v7-m/nofp\libm.a
END GROUP
START GROUP
LOAD c:/st/stm32cubeide_1.7.0/stm32cubeide/plugins/com.st.stm32cube.ide.mcu.externaltools.gnu-tools-for-stm32.9-2020-q2-update.win32_2.0.0.202105311346/tools/bin/../lib/gcc/arm-none-eabi/9.3.1/thumb/v7-m/nofp\libgcc.a
LOAD c:/st/stm32cubeide_1.7.0/stm32cubeide/plugins/com.st.stm32cube.ide.mcu.externaltools.gnu-tools-for-stm32.9-2020-q2-update.win32_2.0.0.202105311346/tools/bin/../lib/gcc/arm-none-eabi/9.3.1/../../../../arm-none-eabi/lib/thumb/v7-m/nofp\libc_nano.a
END GROUP
START GROUP
LOAD c:/st/stm32cubeide_1.7.0/stm32cubeide/plugins/com.st.stm32cube.ide.mcu.externaltools.gnu-tools-for-stm32.9-2020-q2-update.win32_2.0.0.202105311346/tools/bin/../lib/gcc/arm-none-eabi/9.3.1/thumb/v7-m/nofp\libgcc.a
LOAD c:/st/stm32cubeide_1.7.0/stm32cubeide/plugins/com.st.stm32cube.ide.mcu.externaltools.gnu-tools-for-stm32.9-2020-q2-update.win32_2.0.0.202105311346/tools/bin/../lib/gcc/arm-none-eabi/9.3.1/../../../../arm-none-eabi/lib/thumb/v7-m/nofp\libc_nano.a
LOAD c:/st/stm32cubeide_1.7.0/stm32cubeide/plugins/com.st.stm32cube.ide.mcu.externaltools.gnu-tools-for-stm32.9-2020-q2-update.win32_2.0.0.202105311346/tools/bin/../lib/gcc/arm-none-eabi/9.3.1/../../../../arm-none-eabi/lib/thumb/v7-m/nofp\libnosys.a
END GROUP
START GROUP
LOAD c:/st/stm32cubeide_1.7.0/stm32cubeide/plugins/com.st.stm32cube.ide.mcu.externaltools.gnu-tools-for-stm32.9-2020-q2-update.win32_2.0.0.202105311346/tools/bin/../lib/gcc/arm-none-eabi/9.3.1/thumb/v7-m/nofp\libgcc.a
LOAD c:/st/stm32cubeide_1.7.0/stm32cubeide/plugins/com.st.stm32cube.ide.mcu.externaltools.gnu-tools-for-stm32.9-2020-q2-update.win32_2.0.0.202105311346/tools/bin/../lib/gcc/arm-none-eabi/9.3.1/../../../../arm-none-eabi/lib/thumb/v7-m/nofp\libc_nano.a
LOAD c:/st/stm32cubeide_1.7.0/stm32cubeide/plugins/com.st.stm32cube.ide.mcu.externaltools.gnu-tools-for-stm32.9-2020-q2-update.win32_2.0.0.202105311346/tools/bin/../lib/gcc/arm-none-eabi/9.3.1/../../../../arm-none-eabi/lib/thumb/v7-m/nofp\libnosys.a
END GROUP
LOAD c:/st/stm32cubeide_1.7.0/stm32cubeide/plugins/com.st.stm32cube.ide.mcu.externaltools.gnu-tools-for-stm32.9-2020-q2-update.win32_2.0.0.202105311346/tools/bin/../lib/gcc/arm-none-eabi/9.3.1/thumb/v7-m/nofp/crtend.o
LOAD c:/st/stm32cubeide_1.7.0/stm32cubeide/plugins/com.st.stm32cube.ide.mcu.externaltools.gnu-tools-for-stm32.9-2020-q2-update.win32_2.0.0.202105311346/tools/bin/../lib/gcc/arm-none-eabi/9.3.1/thumb/v7-m/nofp/crtn.o
                0x0000000020005000                _estack = (ORIGIN (RAM) + LENGTH (RAM))
                0x0000000000000200                _Min_Heap_Size = 0x200
                0x0000000000000400                _Min_Stack_Size = 0x400

.isr_vector     0x0000000008000000      0x10c
                0x0000000008000000                . = ALIGN (0x4)
 *(.isr_vector)
 .isr_vector    0x0000000008000000      0x10c ./Core/Startup/startup_stm32f103c8tx.o
                0x0000000008000000                g_pfnVectors
                0x000000000800010c                . = ALIGN (0x4)

.text           0x0000000008000110     0xcc54
                0x0000000008000110                . = ALIGN (0x4)
 *(.text)
 .text          0x0000000008000110       0x40 c:/st/stm32cubeide_1.7.0/stm32cubeide/plugins/com.st.stm32cube.ide.mcu.externaltools.gnu-tools-for-stm32.9-2020-q2-update.win32_2.0.0.202105311346/tools/bin/../lib/gcc/arm-none-eabi/9.3.1/thumb/v7-m/nofp/crtbegin.o
 .text          0x0000000008000150      0x378 c:/st/stm32cubeide_1.7.0/stm32cubeide/plugins/com.st.stm32cube.ide.mcu.externaltools.gnu-tools-for-stm32.9-2020-q2-update.win32_2.0.0.202105311346/tools/bin/../lib/gcc/arm-none-eabi/9.3.1/thumb/v7-m/nofp\libgcc.a(_arm_addsubdf3.o)
                0x0000000008000150                __aeabi_drsub
                0x0000000008000158                __aeabi_dsub
                0x0000000008000158                __subdf3
                0x000000000800015c                __aeabi_dadd
                0x000000000800015c                __adddf3
                0x00000000080003d4                __floatunsidf
                0x00000000080003d4                __aeabi_ui2d
                0x00000000080003f4                __floatsidf
                0x00000000080003f4                __aeabi_i2d
                0x0000000008000418                __aeabi_f2d
                0x0000000008000418                __extendsfdf2
                0x000000000800045c                __floatundidf
                0x000000000800045c                __aeabi_ul2d
                0x000000000800046c                __floatdidf
                0x000000000800046c                __aeabi_l2d
 .text          0x00000000080004c8      0x424 c:/st/stm32cubeide_1.7.0/stm32cubeide/plugins/com.st.stm32cube.ide.mcu.externaltools.gnu-tools-for-stm32.9-2020-q2-update.win32_2.0.0.202105311346/tools/bin/../lib/gcc/arm-none-eabi/9.3.1/thumb/v7-m/nofp\libgcc.a(_arm_muldivdf3.o)
                0x00000000080004c8                __aeabi_dmul
                0x00000000080004c8                __muldf3
                0x000000000800071c                __divdf3
                0x000000000800071c                __aeabi_ddiv
 .text          0x00000000080008ec      0x110 c:/st/stm32cubeide_1.7.0/stm32cubeide/plugins/com.st.stm32cube.ide.mcu.externaltools.gnu-tools-for-stm32.9-2020-q2-update.win32_2.0.0.202105311346/tools/bin/../lib/gcc/arm-none-eabi/9.3.1/thumb/v7-m/nofp\libgcc.a(_arm_cmpdf2.o)
                0x00000000080008ec                __gtdf2
                0x00000000080008ec                __gedf2
                0x00000000080008f4                __ltdf2
                0x00000000080008f4                __ledf2
                0x00000000080008fc                __nedf2
                0x00000000080008fc                __eqdf2
                0x00000000080008fc                __cmpdf2
                0x0000000008000978                __aeabi_cdrcmple
                0x0000000008000988                __aeabi_cdcmpeq
                0x0000000008000988                __aeabi_cdcmple
                0x0000000008000998                __aeabi_dcmpeq
                0x00000000080009ac                __aeabi_dcmplt
                0x00000000080009c0                __aeabi_dcmple
                0x00000000080009d4                __aeabi_dcmpge
                0x00000000080009e8                __aeabi_dcmpgt
 .text          0x00000000080009fc       0x2c c:/st/stm32cubeide_1.7.0/stm32cubeide/plugins/com.st.stm32cube.ide.mcu.externaltools.gnu-tools-for-stm32.9-2020-q2-update.win32_2.0.0.202105311346/tools/bin/../lib/gcc/arm-none-eabi/9.3.1/thumb/v7-m/nofp\libgcc.a(_arm_unorddf2.o)
                0x00000000080009fc                __unorddf2
                0x00000000080009fc                __aeabi_dcmpun
 .text          0x0000000008000a28       0x40 c:/st/stm32cubeide_1.7.0/stm32cubeide/plugins/com.st.stm32cube.ide.mcu.externaltools.gnu-tools-for-stm32.9-2020-q2-update.win32_2.0.0.202105311346/tools/bin/../lib/gcc/arm-none-eabi/9.3.1/thumb/v7-m/nofp\libgcc.a(_arm_fixunsdfsi.o)
                0x0000000008000a28                __aeabi_d2uiz
                0x0000000008000a28                __fixunsdfsi
 *(.text*)
 .text.SELECT   0x0000000008000a68       0x1c ./Core/Src/fatfs_sd.o
 .text.DESELECT
                0x0000000008000a84       0x1c ./Core/Src/fatfs_sd.o
 .text.SPI_TxByte
                0x0000000008000aa0       0x34 ./Core/Src/fatfs_sd.o
 .text.SPI_TxBuffer
                0x0000000008000ad4       0x34 ./Core/Src/fatfs_sd.o
 .text.SPI_RxByte
                0x0000000008000b08       0x38 ./Core/Src/fatfs_sd.o
 .text.SPI_RxBytePtr
                0x0000000008000b40       0x1c ./Core/Src/fatfs_sd.o
 .text.SD_ReadyWait
                0x0000000008000b5c       0x34 ./Core/Src/fatfs_sd.o
 .text.SD_PowerOn
                0x0000000008000b90       0x84 ./Core/Src/fatfs_sd.o
 .text.SD_PowerOff
                0x0000000008000c14       0x18 ./Core/Src/fatfs_sd.o
 .text.SD_CheckPower
                0x0000000008000c2c       0x14 ./Core/Src/fatfs_sd.o
 .text.SD_RxDataBlock
                0x0000000008000c40       0x60 ./Core/Src/fatfs_sd.o
 .text.SD_TxDataBlock
                0x0000000008000ca0       0x86 ./Core/Src/fatfs_sd.o
 .text.SD_SendCmd
                0x0000000008000d26       0xa8 ./Core/Src/fatfs_sd.o
 *fill*         0x0000000008000dce        0x2 
 .text.SD_disk_initialize
                0x0000000008000dd0      0x1d8 ./Core/Src/fatfs_sd.o
                0x0000000008000dd0                SD_disk_initialize
 .text.SD_disk_status
                0x0000000008000fa8       0x28 ./Core/Src/fatfs_sd.o
                0x0000000008000fa8                SD_disk_status
 .text.SD_disk_read
                0x0000000008000fd0       0xd4 ./Core/Src/fatfs_sd.o
                0x0000000008000fd0                SD_disk_read
 .text.SD_disk_write
                0x00000000080010a4      0x108 ./Core/Src/fatfs_sd.o
                0x00000000080010a4                SD_disk_write
 .text.SD_disk_ioctl
                0x00000000080011ac      0x258 ./Core/Src/fatfs_sd.o
                0x00000000080011ac                SD_disk_ioctl
 .text.lcd_send_cmd
                0x0000000008001404       0x60 ./Core/Src/i2c-lcd.o
                0x0000000008001404                lcd_send_cmd
 .text.lcd_send_data
                0x0000000008001464       0x60 ./Core/Src/i2c-lcd.o
                0x0000000008001464                lcd_send_data
 .text.lcd_clear
                0x00000000080014c4       0x2e ./Core/Src/i2c-lcd.o
                0x00000000080014c4                lcd_clear
 .text.lcd_put_cur
                0x00000000080014f2       0x3e ./Core/Src/i2c-lcd.o
                0x00000000080014f2                lcd_put_cur
 .text.lcd_init
                0x0000000008001530       0x7a ./Core/Src/i2c-lcd.o
                0x0000000008001530                lcd_init
 .text.lcd_send_string
                0x00000000080015aa       0x2a ./Core/Src/i2c-lcd.o
                0x00000000080015aa                lcd_send_string
 .text.lcd_create_character
                0x00000000080015d4       0x60 ./Core/Src/i2c-lcd.o
                0x00000000080015d4                lcd_create_character
 .text.lcd_write
                0x0000000008001634       0x1a ./Core/Src/i2c-lcd.o
                0x0000000008001634                lcd_write
 *fill*         0x000000000800164e        0x2 
 .text.User_I2C1_GeneralPurposeOutput_Init
                0x0000000008001650       0x3c ./Core/Src/main.o
 .text.User_I2C1_AlternateFunction_Init
                0x000000000800168c       0x3c ./Core/Src/main.o
 .text.I2CResetBus
                0x00000000080016c8      0x138 ./Core/Src/main.o
                0x00000000080016c8                I2CResetBus
 .text.bcdToDec
                0x0000000008001800       0x2e ./Core/Src/main.o
                0x0000000008001800                bcdToDec
 *fill*         0x000000000800182e        0x2 
 .text.Get_Time
                0x0000000008001830       0xfc ./Core/Src/main.o
                0x0000000008001830                Get_Time
 .text.pcf1_send
                0x000000000800192c       0x2c ./Core/Src/main.o
                0x000000000800192c                pcf1_send
 .text.pcf2_send
                0x0000000008001958       0x2c ./Core/Src/main.o
                0x0000000008001958                pcf2_send
 .text.Pulsadores
                0x0000000008001984      0x194 ./Core/Src/main.o
                0x0000000008001984                Pulsadores
 .text.Lcd_Cursor
                0x0000000008001b18      0x7dc ./Core/Src/main.o
                0x0000000008001b18                Lcd_Cursor
 .text.Escritura_SD
                0x00000000080022f4      0x19c ./Core/Src/main.o
                0x00000000080022f4                Escritura_SD
 .text.Calculo_modbus
                0x0000000008002490      0x288 ./Core/Src/main.o
                0x0000000008002490                Calculo_modbus
 .text.Procesado
                0x0000000008002718       0x70 ./Core/Src/main.o
                0x0000000008002718                Procesado
 .text.MuestraDisplay
                0x0000000008002788      0x254 ./Core/Src/main.o
                0x0000000008002788                MuestraDisplay
 .text.Automatico
                0x00000000080029dc      0x314 ./Core/Src/main.o
                0x00000000080029dc                Automatico
 .text.Manual   0x0000000008002cf0       0x6c ./Core/Src/main.o
                0x0000000008002cf0                Manual
 *fill*         0x0000000008002d5c        0x4 
 .text.Lcd_Menu
                0x0000000008002d60      0x524 ./Core/Src/main.o
                0x0000000008002d60                Lcd_Menu
 .text.Ajuste   0x0000000008003284       0x10 ./Core/Src/main.o
                0x0000000008003284                Ajuste
 .text.main     0x0000000008003294      0x1ac ./Core/Src/main.o
                0x0000000008003294                main
 .text.SystemClock_Config
                0x0000000008003440       0x8a ./Core/Src/main.o
                0x0000000008003440                SystemClock_Config
 *fill*         0x00000000080034ca        0x2 
 .text.MX_I2C1_Init
                0x00000000080034cc       0x5c ./Core/Src/main.o
 .text.MX_SPI1_Init
                0x0000000008003528       0x6c ./Core/Src/main.o
 .text.MX_TIM1_Init
                0x0000000008003594       0xa0 ./Core/Src/main.o
 .text.MX_USART3_UART_Init
                0x0000000008003634       0x54 ./Core/Src/main.o
 .text.MX_DMA_Init
                0x0000000008003688       0x4c ./Core/Src/main.o
 .text.MX_GPIO_Init
                0x00000000080036d4       0xd0 ./Core/Src/main.o
 .text.HAL_UART_TxCpltCallback
                0x00000000080037a4       0x70 ./Core/Src/main.o
                0x00000000080037a4                HAL_UART_TxCpltCallback
 .text.HAL_UART_RxCpltCallback
                0x0000000008003814       0xb0 ./Core/Src/main.o
                0x0000000008003814                HAL_UART_RxCpltCallback
 .text.Error_Handler
                0x00000000080038c4        0xa ./Core/Src/main.o
                0x00000000080038c4                Error_Handler
 *fill*         0x00000000080038ce        0x2 
 .text.HAL_MspInit
                0x00000000080038d0       0x64 ./Core/Src/stm32f1xx_hal_msp.o
                0x00000000080038d0                HAL_MspInit
 .text.HAL_I2C_MspInit
                0x0000000008003934       0x7c ./Core/Src/stm32f1xx_hal_msp.o
                0x0000000008003934                HAL_I2C_MspInit
 .text.HAL_SPI_MspInit
                0x00000000080039b0       0x94 ./Core/Src/stm32f1xx_hal_msp.o
                0x00000000080039b0                HAL_SPI_MspInit
 .text.HAL_TIM_Base_MspInit
                0x0000000008003a44       0x3c ./Core/Src/stm32f1xx_hal_msp.o
                0x0000000008003a44                HAL_TIM_Base_MspInit
 .text.HAL_UART_MspInit
                0x0000000008003a80      0x154 ./Core/Src/stm32f1xx_hal_msp.o
                0x0000000008003a80                HAL_UART_MspInit
 .text.SDTimer_Handler
                0x0000000008003bd4       0x44 ./Core/Src/stm32f1xx_it.o
                0x0000000008003bd4                SDTimer_Handler
 .text.NMI_Handler
                0x0000000008003c18        0xc ./Core/Src/stm32f1xx_it.o
                0x0000000008003c18                NMI_Handler
 .text.HardFault_Handler
                0x0000000008003c24        0x6 ./Core/Src/stm32f1xx_it.o
                0x0000000008003c24                HardFault_Handler
 .text.MemManage_Handler
                0x0000000008003c2a        0x6 ./Core/Src/stm32f1xx_it.o
                0x0000000008003c2a                MemManage_Handler
 .text.BusFault_Handler
                0x0000000008003c30        0x6 ./Core/Src/stm32f1xx_it.o
                0x0000000008003c30                BusFault_Handler
 .text.UsageFault_Handler
                0x0000000008003c36        0x6 ./Core/Src/stm32f1xx_it.o
                0x0000000008003c36                UsageFault_Handler
 .text.SVC_Handler
                0x0000000008003c3c        0xc ./Core/Src/stm32f1xx_it.o
                0x0000000008003c3c                SVC_Handler
 .text.DebugMon_Handler
                0x0000000008003c48        0xc ./Core/Src/stm32f1xx_it.o
                0x0000000008003c48                DebugMon_Handler
 .text.PendSV_Handler
                0x0000000008003c54        0xc ./Core/Src/stm32f1xx_it.o
                0x0000000008003c54                PendSV_Handler
 .text.SysTick_Handler
                0x0000000008003c60       0x34 ./Core/Src/stm32f1xx_it.o
                0x0000000008003c60                SysTick_Handler
 .text.DMA1_Channel2_IRQHandler
                0x0000000008003c94       0x14 ./Core/Src/stm32f1xx_it.o
                0x0000000008003c94                DMA1_Channel2_IRQHandler
 .text.DMA1_Channel3_IRQHandler
                0x0000000008003ca8       0x14 ./Core/Src/stm32f1xx_it.o
                0x0000000008003ca8                DMA1_Channel3_IRQHandler
 .text.USART3_IRQHandler
                0x0000000008003cbc       0x14 ./Core/Src/stm32f1xx_it.o
                0x0000000008003cbc                USART3_IRQHandler
 .text._sbrk    0x0000000008003cd0       0x6c ./Core/Src/sysmem.o
                0x0000000008003cd0                _sbrk
 .text.SystemInit
                0x0000000008003d3c        0xc ./Core/Src/system_stm32f1xx.o
                0x0000000008003d3c                SystemInit
 .text.Reset_Handler
                0x0000000008003d48       0x48 ./Core/Startup/startup_stm32f103c8tx.o
                0x0000000008003d48                Reset_Handler
 .text.Default_Handler
                0x0000000008003d90        0x2 ./Core/Startup/startup_stm32f103c8tx.o
                0x0000000008003d90                RTC_Alarm_IRQHandler
                0x0000000008003d90                EXTI2_IRQHandler
                0x0000000008003d90                TIM1_CC_IRQHandler
                0x0000000008003d90                PVD_IRQHandler
                0x0000000008003d90                EXTI3_IRQHandler
                0x0000000008003d90                EXTI0_IRQHandler
                0x0000000008003d90                I2C2_EV_IRQHandler
                0x0000000008003d90                ADC1_2_IRQHandler
                0x0000000008003d90                SPI1_IRQHandler
                0x0000000008003d90                TAMPER_IRQHandler
                0x0000000008003d90                DMA1_Channel4_IRQHandler
                0x0000000008003d90                RTC_IRQHandler
                0x0000000008003d90                DMA1_Channel7_IRQHandler
                0x0000000008003d90                CAN1_RX1_IRQHandler
                0x0000000008003d90                TIM4_IRQHandler
                0x0000000008003d90                I2C1_EV_IRQHandler
                0x0000000008003d90                DMA1_Channel6_IRQHandler
                0x0000000008003d90                TIM3_IRQHandler
                0x0000000008003d90                RCC_IRQHandler
                0x0000000008003d90                TIM1_TRG_COM_IRQHandler
                0x0000000008003d90                DMA1_Channel1_IRQHandler
                0x0000000008003d90                Default_Handler
                0x0000000008003d90                EXTI15_10_IRQHandler
                0x0000000008003d90                EXTI9_5_IRQHandler
                0x0000000008003d90                SPI2_IRQHandler
                0x0000000008003d90                DMA1_Channel5_IRQHandler
                0x0000000008003d90                EXTI4_IRQHandler
                0x0000000008003d90                USB_LP_CAN1_RX0_IRQHandler
                0x0000000008003d90                USB_HP_CAN1_TX_IRQHandler
                0x0000000008003d90                TIM1_UP_IRQHandler
                0x0000000008003d90                WWDG_IRQHandler
                0x0000000008003d90                TIM2_IRQHandler
                0x0000000008003d90                TIM1_BRK_IRQHandler
                0x0000000008003d90                EXTI1_IRQHandler
                0x0000000008003d90                USART2_IRQHandler
                0x0000000008003d90                I2C2_ER_IRQHandler
                0x0000000008003d90                CAN1_SCE_IRQHandler
                0x0000000008003d90                FLASH_IRQHandler
                0x0000000008003d90                USART1_IRQHandler
                0x0000000008003d90                I2C1_ER_IRQHandler
                0x0000000008003d90                USBWakeUp_IRQHandler
 *fill*         0x0000000008003d92        0x2 
 .text.HAL_Init
                0x0000000008003d94       0x2c ./Drivers/STM32F1xx_HAL_Driver/Src/stm32f1xx_hal.o
                0x0000000008003d94                HAL_Init
 .text.HAL_InitTick
                0x0000000008003dc0       0x60 ./Drivers/STM32F1xx_HAL_Driver/Src/stm32f1xx_hal.o
                0x0000000008003dc0                HAL_InitTick
 .text.HAL_IncTick
                0x0000000008003e20       0x24 ./Drivers/STM32F1xx_HAL_Driver/Src/stm32f1xx_hal.o
                0x0000000008003e20                HAL_IncTick
 .text.HAL_GetTick
                0x0000000008003e44       0x14 ./Drivers/STM32F1xx_HAL_Driver/Src/stm32f1xx_hal.o
                0x0000000008003e44                HAL_GetTick
 .text.HAL_Delay
                0x0000000008003e58       0x48 ./Drivers/STM32F1xx_HAL_Driver/Src/stm32f1xx_hal.o
                0x0000000008003e58                HAL_Delay
 .text.__NVIC_SetPriorityGrouping
                0x0000000008003ea0       0x48 ./Drivers/STM32F1xx_HAL_Driver/Src/stm32f1xx_hal_cortex.o
 .text.__NVIC_GetPriorityGrouping
                0x0000000008003ee8       0x1c ./Drivers/STM32F1xx_HAL_Driver/Src/stm32f1xx_hal_cortex.o
 .text.__NVIC_EnableIRQ
                0x0000000008003f04       0x38 ./Drivers/STM32F1xx_HAL_Driver/Src/stm32f1xx_hal_cortex.o
 .text.__NVIC_SetPriority
                0x0000000008003f3c       0x54 ./Drivers/STM32F1xx_HAL_Driver/Src/stm32f1xx_hal_cortex.o
 .text.NVIC_EncodePriority
                0x0000000008003f90       0x64 ./Drivers/STM32F1xx_HAL_Driver/Src/stm32f1xx_hal_cortex.o
 .text.SysTick_Config
                0x0000000008003ff4       0x44 ./Drivers/STM32F1xx_HAL_Driver/Src/stm32f1xx_hal_cortex.o
 .text.HAL_NVIC_SetPriorityGrouping
                0x0000000008004038       0x16 ./Drivers/STM32F1xx_HAL_Driver/Src/stm32f1xx_hal_cortex.o
                0x0000000008004038                HAL_NVIC_SetPriorityGrouping
 .text.HAL_NVIC_SetPriority
                0x000000000800404e       0x38 ./Drivers/STM32F1xx_HAL_Driver/Src/stm32f1xx_hal_cortex.o
                0x000000000800404e                HAL_NVIC_SetPriority
 .text.HAL_NVIC_EnableIRQ
                0x0000000008004086       0x1c ./Drivers/STM32F1xx_HAL_Driver/Src/stm32f1xx_hal_cortex.o
                0x0000000008004086                HAL_NVIC_EnableIRQ
 .text.HAL_SYSTICK_Config
                0x00000000080040a2       0x18 ./Drivers/STM32F1xx_HAL_Driver/Src/stm32f1xx_hal_cortex.o
                0x00000000080040a2                HAL_SYSTICK_Config
 *fill*         0x00000000080040ba        0x2 
 .text.HAL_DMA_Init
                0x00000000080040bc       0xb4 ./Drivers/STM32F1xx_HAL_Driver/Src/stm32f1xx_hal_dma.o
                0x00000000080040bc                HAL_DMA_Init
 .text.HAL_DMA_Start_IT
                0x0000000008004170       0xbe ./Drivers/STM32F1xx_HAL_Driver/Src/stm32f1xx_hal_dma.o
                0x0000000008004170                HAL_DMA_Start_IT
 .text.HAL_DMA_Abort
                0x000000000800422e       0x74 ./Drivers/STM32F1xx_HAL_Driver/Src/stm32f1xx_hal_dma.o
                0x000000000800422e                HAL_DMA_Abort
 *fill*         0x00000000080042a2        0x2 
 .text.HAL_DMA_Abort_IT
                0x00000000080042a4       0xec ./Drivers/STM32F1xx_HAL_Driver/Src/stm32f1xx_hal_dma.o
                0x00000000080042a4                HAL_DMA_Abort_IT
 .text.HAL_DMA_IRQHandler
                0x0000000008004390      0x20c ./Drivers/STM32F1xx_HAL_Driver/Src/stm32f1xx_hal_dma.o
                0x0000000008004390                HAL_DMA_IRQHandler
 .text.DMA_SetConfig
                0x000000000800459c       0x5a ./Drivers/STM32F1xx_HAL_Driver/Src/stm32f1xx_hal_dma.o
 *fill*         0x00000000080045f6        0x2 
 .text.HAL_GPIO_Init
                0x00000000080045f8      0x308 ./Drivers/STM32F1xx_HAL_Driver/Src/stm32f1xx_hal_gpio.o
                0x00000000080045f8                HAL_GPIO_Init
 .text.HAL_GPIO_DeInit
                0x0000000008004900      0x178 ./Drivers/STM32F1xx_HAL_Driver/Src/stm32f1xx_hal_gpio.o
                0x0000000008004900                HAL_GPIO_DeInit
 .text.HAL_GPIO_ReadPin
                0x0000000008004a78       0x2e ./Drivers/STM32F1xx_HAL_Driver/Src/stm32f1xx_hal_gpio.o
                0x0000000008004a78                HAL_GPIO_ReadPin
 .text.HAL_GPIO_WritePin
                0x0000000008004aa6       0x30 ./Drivers/STM32F1xx_HAL_Driver/Src/stm32f1xx_hal_gpio.o
                0x0000000008004aa6                HAL_GPIO_WritePin
 *fill*         0x0000000008004ad6        0x2 
 .text.HAL_I2C_Init
                0x0000000008004ad8      0x288 ./Drivers/STM32F1xx_HAL_Driver/Src/stm32f1xx_hal_i2c.o
                0x0000000008004ad8                HAL_I2C_Init
 .text.HAL_I2C_Master_Transmit
                0x0000000008004d60      0x1fc ./Drivers/STM32F1xx_HAL_Driver/Src/stm32f1xx_hal_i2c.o
                0x0000000008004d60                HAL_I2C_Master_Transmit
 .text.HAL_I2C_Mem_Read
                0x0000000008004f5c      0x4d0 ./Drivers/STM32F1xx_HAL_Driver/Src/stm32f1xx_hal_i2c.o
                0x0000000008004f5c                HAL_I2C_Mem_Read
 .text.I2C_MasterRequestWrite
                0x000000000800542c      0x104 ./Drivers/STM32F1xx_HAL_Driver/Src/stm32f1xx_hal_i2c.o
 .text.I2C_RequestMemoryRead
                0x0000000008005530      0x1d0 ./Drivers/STM32F1xx_HAL_Driver/Src/stm32f1xx_hal_i2c.o
 .text.I2C_WaitOnFlagUntilTimeout
                0x0000000008005700       0xae ./Drivers/STM32F1xx_HAL_Driver/Src/stm32f1xx_hal_i2c.o
 .text.I2C_WaitOnMasterAddressFlagUntilTimeout
                0x00000000080057ae       0xfe ./Drivers/STM32F1xx_HAL_Driver/Src/stm32f1xx_hal_i2c.o
 .text.I2C_WaitOnTXEFlagUntilTimeout
                0x00000000080058ac       0x82 ./Drivers/STM32F1xx_HAL_Driver/Src/stm32f1xx_hal_i2c.o
 .text.I2C_WaitOnBTFFlagUntilTimeout
                0x000000000800592e       0x82 ./Drivers/STM32F1xx_HAL_Driver/Src/stm32f1xx_hal_i2c.o
 .text.I2C_WaitOnRXNEFlagUntilTimeout
                0x00000000080059b0       0xac ./Drivers/STM32F1xx_HAL_Driver/Src/stm32f1xx_hal_i2c.o
 .text.I2C_IsAcknowledgeFailed
                0x0000000008005a5c       0x5c ./Drivers/STM32F1xx_HAL_Driver/Src/stm32f1xx_hal_i2c.o
 .text.HAL_RCC_OscConfig
                0x0000000008005ab8      0x500 ./Drivers/STM32F1xx_HAL_Driver/Src/stm32f1xx_hal_rcc.o
                0x0000000008005ab8                HAL_RCC_OscConfig
 .text.HAL_RCC_ClockConfig
                0x0000000008005fb8      0x1d4 ./Drivers/STM32F1xx_HAL_Driver/Src/stm32f1xx_hal_rcc.o
                0x0000000008005fb8                HAL_RCC_ClockConfig
 .text.HAL_RCC_GetSysClockFreq
                0x000000000800618c       0xc0 ./Drivers/STM32F1xx_HAL_Driver/Src/stm32f1xx_hal_rcc.o
                0x000000000800618c                HAL_RCC_GetSysClockFreq
 .text.HAL_RCC_GetHCLKFreq
                0x000000000800624c       0x14 ./Drivers/STM32F1xx_HAL_Driver/Src/stm32f1xx_hal_rcc.o
                0x000000000800624c                HAL_RCC_GetHCLKFreq
 .text.HAL_RCC_GetPCLK1Freq
                0x0000000008006260       0x28 ./Drivers/STM32F1xx_HAL_Driver/Src/stm32f1xx_hal_rcc.o
                0x0000000008006260                HAL_RCC_GetPCLK1Freq
 .text.HAL_RCC_GetPCLK2Freq
                0x0000000008006288       0x28 ./Drivers/STM32F1xx_HAL_Driver/Src/stm32f1xx_hal_rcc.o
                0x0000000008006288                HAL_RCC_GetPCLK2Freq
 .text.RCC_Delay
                0x00000000080062b0       0x3c ./Drivers/STM32F1xx_HAL_Driver/Src/stm32f1xx_hal_rcc.o
 .text.HAL_SPI_Init
                0x00000000080062ec      0x108 ./Drivers/STM32F1xx_HAL_Driver/Src/stm32f1xx_hal_spi.o
                0x00000000080062ec                HAL_SPI_Init
 .text.HAL_SPI_Transmit
                0x00000000080063f4      0x278 ./Drivers/STM32F1xx_HAL_Driver/Src/stm32f1xx_hal_spi.o
                0x00000000080063f4                HAL_SPI_Transmit
 .text.HAL_SPI_TransmitReceive
                0x000000000800666c      0x344 ./Drivers/STM32F1xx_HAL_Driver/Src/stm32f1xx_hal_spi.o
                0x000000000800666c                HAL_SPI_TransmitReceive
 .text.SPI_WaitFlagStateUntilTimeout
                0x00000000080069b0      0x110 ./Drivers/STM32F1xx_HAL_Driver/Src/stm32f1xx_hal_spi.o
 .text.SPI_EndRxTxTransaction
                0x0000000008006ac0       0x3c ./Drivers/STM32F1xx_HAL_Driver/Src/stm32f1xx_hal_spi.o
 .text.HAL_TIM_Base_Init
                0x0000000008006afc       0x9e ./Drivers/STM32F1xx_HAL_Driver/Src/stm32f1xx_hal_tim.o
                0x0000000008006afc                HAL_TIM_Base_Init
 .text.HAL_TIM_ConfigClockSource
                0x0000000008006b9a      0x188 ./Drivers/STM32F1xx_HAL_Driver/Src/stm32f1xx_hal_tim.o
                0x0000000008006b9a                HAL_TIM_ConfigClockSource
 *fill*         0x0000000008006d22        0x2 
 .text.TIM_Base_SetConfig
                0x0000000008006d24       0xc4 ./Drivers/STM32F1xx_HAL_Driver/Src/stm32f1xx_hal_tim.o
                0x0000000008006d24                TIM_Base_SetConfig
 .text.TIM_TI1_ConfigInputStage
                0x0000000008006de8       0x5c ./Drivers/STM32F1xx_HAL_Driver/Src/stm32f1xx_hal_tim.o
 .text.TIM_TI2_ConfigInputStage
                0x0000000008006e44       0x5e ./Drivers/STM32F1xx_HAL_Driver/Src/stm32f1xx_hal_tim.o
 .text.TIM_ITRx_SetConfig
                0x0000000008006ea2       0x34 ./Drivers/STM32F1xx_HAL_Driver/Src/stm32f1xx_hal_tim.o
 .text.TIM_ETR_SetConfig
                0x0000000008006ed6       0x3e ./Drivers/STM32F1xx_HAL_Driver/Src/stm32f1xx_hal_tim.o
                0x0000000008006ed6                TIM_ETR_SetConfig
 .text.HAL_TIMEx_MasterConfigSynchronization
                0x0000000008006f14       0xbc ./Drivers/STM32F1xx_HAL_Driver/Src/stm32f1xx_hal_tim_ex.o
                0x0000000008006f14                HAL_TIMEx_MasterConfigSynchronization
 .text.HAL_UART_Init
                0x0000000008006fd0       0x9a ./Drivers/STM32F1xx_HAL_Driver/Src/stm32f1xx_hal_uart.o
                0x0000000008006fd0                HAL_UART_Init
 *fill*         0x000000000800706a        0x2 
 .text.HAL_UART_Transmit_DMA
                0x000000000800706c       0xd8 ./Drivers/STM32F1xx_HAL_Driver/Src/stm32f1xx_hal_uart.o
                0x000000000800706c                HAL_UART_Transmit_DMA
 .text.HAL_UART_Receive_DMA
                0x0000000008007144       0x60 ./Drivers/STM32F1xx_HAL_Driver/Src/stm32f1xx_hal_uart.o
                0x0000000008007144                HAL_UART_Receive_DMA
 .text.HAL_UART_IRQHandler
                0x00000000080071a4      0x354 ./Drivers/STM32F1xx_HAL_Driver/Src/stm32f1xx_hal_uart.o
                0x00000000080071a4                HAL_UART_IRQHandler
 .text.HAL_UART_TxHalfCpltCallback
                0x00000000080074f8       0x12 ./Drivers/STM32F1xx_HAL_Driver/Src/stm32f1xx_hal_uart.o
                0x00000000080074f8                HAL_UART_TxHalfCpltCallback
 .text.HAL_UART_RxHalfCpltCallback
                0x000000000800750a       0x12 ./Drivers/STM32F1xx_HAL_Driver/Src/stm32f1xx_hal_uart.o
                0x000000000800750a                HAL_UART_RxHalfCpltCallback
 .text.HAL_UART_ErrorCallback
                0x000000000800751c       0x12 ./Drivers/STM32F1xx_HAL_Driver/Src/stm32f1xx_hal_uart.o
                0x000000000800751c                HAL_UART_ErrorCallback
 .text.HAL_UARTEx_RxEventCallback
                0x000000000800752e       0x16 ./Drivers/STM32F1xx_HAL_Driver/Src/stm32f1xx_hal_uart.o
                0x000000000800752e                HAL_UARTEx_RxEventCallback
 .text.UART_DMATransmitCplt
                0x0000000008007544       0x52 ./Drivers/STM32F1xx_HAL_Driver/Src/stm32f1xx_hal_uart.o
 .text.UART_DMATxHalfCplt
                0x0000000008007596       0x1c ./Drivers/STM32F1xx_HAL_Driver/Src/stm32f1xx_hal_uart.o
 .text.UART_DMAReceiveCplt
                0x00000000080075b2       0x96 ./Drivers/STM32F1xx_HAL_Driver/Src/stm32f1xx_hal_uart.o
 .text.UART_DMARxHalfCplt
                0x0000000008007648       0x36 ./Drivers/STM32F1xx_HAL_Driver/Src/stm32f1xx_hal_uart.o
 .text.UART_DMAError
                0x000000000800767e       0x94 ./Drivers/STM32F1xx_HAL_Driver/Src/stm32f1xx_hal_uart.o
 *fill*         0x0000000008007712        0x2 
 .text.UART_Start_Receive_DMA
                0x0000000008007714       0xc8 ./Drivers/STM32F1xx_HAL_Driver/Src/stm32f1xx_hal_uart.o
                0x0000000008007714                UART_Start_Receive_DMA
 .text.UART_EndTxTransfer
                0x00000000080077dc       0x2a ./Drivers/STM32F1xx_HAL_Driver/Src/stm32f1xx_hal_uart.o
 .text.UART_EndRxTransfer
                0x0000000008007806       0x58 ./Drivers/STM32F1xx_HAL_Driver/Src/stm32f1xx_hal_uart.o
 .text.UART_DMAAbortOnError
                0x000000000800785e       0x28 ./Drivers/STM32F1xx_HAL_Driver/Src/stm32f1xx_hal_uart.o
 .text.UART_Transmit_IT
                0x0000000008007886       0x9e ./Drivers/STM32F1xx_HAL_Driver/Src/stm32f1xx_hal_uart.o
 .text.UART_EndTransmit_IT
                0x0000000008007924       0x30 ./Drivers/STM32F1xx_HAL_Driver/Src/stm32f1xx_hal_uart.o
 .text.UART_Receive_IT
                0x0000000008007954      0x152 ./Drivers/STM32F1xx_HAL_Driver/Src/stm32f1xx_hal_uart.o
 *fill*         0x0000000008007aa6        0x2 
 .text.UART_SetConfig
                0x0000000008007aa8      0x11c ./Drivers/STM32F1xx_HAL_Driver/Src/stm32f1xx_hal_uart.o
 .text.MX_FATFS_Init
                0x0000000008007bc4       0x24 ./FATFS/App/fatfs.o
                0x0000000008007bc4                MX_FATFS_Init
 .text.get_fattime
                0x0000000008007be8        0xe ./FATFS/App/fatfs.o
                0x0000000008007be8                get_fattime
 .text.USER_initialize
                0x0000000008007bf6       0x1c ./FATFS/Target/user_diskio.o
                0x0000000008007bf6                USER_initialize
 .text.USER_status
                0x0000000008007c12       0x1c ./FATFS/Target/user_diskio.o
                0x0000000008007c12                USER_status
 .text.USER_read
                0x0000000008007c2e       0x26 ./FATFS/Target/user_diskio.o
                0x0000000008007c2e                USER_read
 .text.USER_write
                0x0000000008007c54       0x26 ./FATFS/Target/user_diskio.o
                0x0000000008007c54                USER_write
 .text.USER_ioctl
                0x0000000008007c7a       0x26 ./FATFS/Target/user_diskio.o
                0x0000000008007c7a                USER_ioctl
 .text.disk_status
                0x0000000008007ca0       0x34 ./Middlewares/Third_Party/FatFs/src/diskio.o
                0x0000000008007ca0                disk_status
 .text.disk_initialize
                0x0000000008007cd4       0x4c ./Middlewares/Third_Party/FatFs/src/diskio.o
                0x0000000008007cd4                disk_initialize
 .text.disk_read
                0x0000000008007d20       0x40 ./Middlewares/Third_Party/FatFs/src/diskio.o
                0x0000000008007d20                disk_read
 .text.disk_write
                0x0000000008007d60       0x40 ./Middlewares/Third_Party/FatFs/src/diskio.o
                0x0000000008007d60                disk_write
 .text.disk_ioctl
                0x0000000008007da0       0x3c ./Middlewares/Third_Party/FatFs/src/diskio.o
                0x0000000008007da0                disk_ioctl
 .text.mem_cpy  0x0000000008007ddc       0x3c ./Middlewares/Third_Party/FatFs/src/ff.o
 .text.mem_set  0x0000000008007e18       0x34 ./Middlewares/Third_Party/FatFs/src/ff.o
 .text.mem_cmp  0x0000000008007e4c       0x4c ./Middlewares/Third_Party/FatFs/src/ff.o
 .text.chk_chr  0x0000000008007e98       0x34 ./Middlewares/Third_Party/FatFs/src/ff.o
 .text.chk_lock
                0x0000000008007ecc       0xd8 ./Middlewares/Third_Party/FatFs/src/ff.o
 .text.enq_lock
                0x0000000008007fa4       0x48 ./Middlewares/Third_Party/FatFs/src/ff.o
 .text.inc_lock
                0x0000000008007fec      0x16c ./Middlewares/Third_Party/FatFs/src/ff.o
 .text.dec_lock
                0x0000000008008158       0x88 ./Middlewares/Third_Party/FatFs/src/ff.o
 .text.clear_lock
                0x00000000080081e0       0x54 ./Middlewares/Third_Party/FatFs/src/ff.o
 .text.sync_window
                0x0000000008008234       0x92 ./Middlewares/Third_Party/FatFs/src/ff.o
 .text.move_window
                0x00000000080082c6       0x5c ./Middlewares/Third_Party/FatFs/src/ff.o
 .text.sync_fs  0x0000000008008322      0x15c ./Middlewares/Third_Party/FatFs/src/ff.o
 .text.clust2sect
                0x000000000800847e       0x42 ./Middlewares/Third_Party/FatFs/src/ff.o
                0x000000000800847e                clust2sect
 .text.get_fat  0x00000000080084c0      0x1dc ./Middlewares/Third_Party/FatFs/src/ff.o
                0x00000000080084c0                get_fat
 .text.put_fat  0x000000000800869c      0x280 ./Middlewares/Third_Party/FatFs/src/ff.o
                0x000000000800869c                put_fat
 .text.remove_chain
                0x000000000800891c       0xb4 ./Middlewares/Third_Party/FatFs/src/ff.o
 .text.create_chain
                0x00000000080089d0      0x13a ./Middlewares/Third_Party/FatFs/src/ff.o
 .text.clmt_clust
                0x0000000008008b0a       0x76 ./Middlewares/Third_Party/FatFs/src/ff.o
 .text.dir_sdi  0x0000000008008b80      0x162 ./Middlewares/Third_Party/FatFs/src/ff.o
 .text.dir_next
                0x0000000008008ce2      0x234 ./Middlewares/Third_Party/FatFs/src/ff.o
 .text.dir_alloc
                0x0000000008008f16       0x94 ./Middlewares/Third_Party/FatFs/src/ff.o
 .text.ld_clust
                0x0000000008008faa       0x5a ./Middlewares/Third_Party/FatFs/src/ff.o
 .text.st_clust
                0x0000000008009004       0x4c ./Middlewares/Third_Party/FatFs/src/ff.o
 .text.cmp_lfn  0x0000000008009050       0xdc ./Middlewares/Third_Party/FatFs/src/ff.o
 .text.fit_lfn  0x000000000800912c       0xe8 ./Middlewares/Third_Party/FatFs/src/ff.o
 .text.gen_numname
                0x0000000008009214      0x120 ./Middlewares/Third_Party/FatFs/src/ff.o
 .text.sum_sfn  0x0000000008009334       0x40 ./Middlewares/Third_Party/FatFs/src/ff.o
 .text.dir_find
                0x0000000008009374      0x180 ./Middlewares/Third_Party/FatFs/src/ff.o
 .text.dir_register
                0x00000000080094f4      0x21c ./Middlewares/Third_Party/FatFs/src/ff.o
 .text.create_name
                0x0000000008009710      0x370 ./Middlewares/Third_Party/FatFs/src/ff.o
 .text.follow_path
                0x0000000008009a80       0xdc ./Middlewares/Third_Party/FatFs/src/ff.o
 .text.get_ldnumber
                0x0000000008009b5c       0x86 ./Middlewares/Third_Party/FatFs/src/ff.o
 *fill*         0x0000000008009be2        0x2 
 .text.check_fs
                0x0000000008009be4       0xd4 ./Middlewares/Third_Party/FatFs/src/ff.o
 .text.find_volume
                0x0000000008009cb8      0x5fc ./Middlewares/Third_Party/FatFs/src/ff.o
 .text.validate
                0x000000000800a2b4       0x66 ./Middlewares/Third_Party/FatFs/src/ff.o
 *fill*         0x000000000800a31a        0x2 
 .text.f_mount  0x000000000800a31c       0x90 ./Middlewares/Third_Party/FatFs/src/ff.o
                0x000000000800a31c                f_mount
 .text.f_open   0x000000000800a3ac      0x442 ./Middlewares/Third_Party/FatFs/src/ff.o
                0x000000000800a3ac                f_open
 .text.f_write  0x000000000800a7ee      0x3ce ./Middlewares/Third_Party/FatFs/src/ff.o
                0x000000000800a7ee                f_write
 .text.f_sync   0x000000000800abbc      0x174 ./Middlewares/Third_Party/FatFs/src/ff.o
                0x000000000800abbc                f_sync
 .text.f_close  0x000000000800ad30       0x50 ./Middlewares/Third_Party/FatFs/src/ff.o
                0x000000000800ad30                f_close
 .text.f_lseek  0x000000000800ad80      0x516 ./Middlewares/Third_Party/FatFs/src/ff.o
                0x000000000800ad80                f_lseek
 .text.putc_bfd
                0x000000000800b296       0x7a ./Middlewares/Third_Party/FatFs/src/ff.o
 .text.f_puts   0x000000000800b310       0x72 ./Middlewares/Third_Party/FatFs/src/ff.o
                0x000000000800b310                f_puts
 *fill*         0x000000000800b382        0x2 
 .text.FATFS_LinkDriverEx
                0x000000000800b384       0x94 ./Middlewares/Third_Party/FatFs/src/ff_gen_drv.o
                0x000000000800b384                FATFS_LinkDriverEx
 .text.FATFS_LinkDriver
                0x000000000800b418       0x1e ./Middlewares/Third_Party/FatFs/src/ff_gen_drv.o
                0x000000000800b418                FATFS_LinkDriver
 *fill*         0x000000000800b436        0x2 
 .text.ff_convert
                0x000000000800b438       0x74 ./Middlewares/Third_Party/FatFs/src/option/ccsbcs.o
                0x000000000800b438                ff_convert
 .text.ff_wtoupper
                0x000000000800b4ac       0x5c ./Middlewares/Third_Party/FatFs/src/option/ccsbcs.o
                0x000000000800b4ac                ff_wtoupper
 .text.ff_memalloc
                0x000000000800b508       0x18 ./Middlewares/Third_Party/FatFs/src/option/syscall.o
                0x000000000800b508                ff_memalloc
 .text.ff_memfree
                0x000000000800b520       0x16 ./Middlewares/Third_Party/FatFs/src/option/syscall.o
                0x000000000800b520                ff_memfree
 *fill*         0x000000000800b536        0x2 
 .text.__errno  0x000000000800b538        0xc c:/st/stm32cubeide_1.7.0/stm32cubeide/plugins/com.st.stm32cube.ide.mcu.externaltools.gnu-tools-for-stm32.9-2020-q2-update.win32_2.0.0.202105311346/tools/bin/../lib/gcc/arm-none-eabi/9.3.1/../../../../arm-none-eabi/lib/thumb/v7-m/nofp\libc_nano.a(lib_a-errno.o)
                0x000000000800b538                __errno
 .text.__libc_init_array
                0x000000000800b544       0x48 c:/st/stm32cubeide_1.7.0/stm32cubeide/plugins/com.st.stm32cube.ide.mcu.externaltools.gnu-tools-for-stm32.9-2020-q2-update.win32_2.0.0.202105311346/tools/bin/../lib/gcc/arm-none-eabi/9.3.1/../../../../arm-none-eabi/lib/thumb/v7-m/nofp\libc_nano.a(lib_a-init.o)
                0x000000000800b544                __libc_init_array
 .text.malloc   0x000000000800b58c       0x10 c:/st/stm32cubeide_1.7.0/stm32cubeide/plugins/com.st.stm32cube.ide.mcu.externaltools.gnu-tools-for-stm32.9-2020-q2-update.win32_2.0.0.202105311346/tools/bin/../lib/gcc/arm-none-eabi/9.3.1/../../../../arm-none-eabi/lib/thumb/v7-m/nofp\libc_nano.a(lib_a-malloc.o)
                0x000000000800b58c                malloc
 .text.free     0x000000000800b59c       0x10 c:/st/stm32cubeide_1.7.0/stm32cubeide/plugins/com.st.stm32cube.ide.mcu.externaltools.gnu-tools-for-stm32.9-2020-q2-update.win32_2.0.0.202105311346/tools/bin/../lib/gcc/arm-none-eabi/9.3.1/../../../../arm-none-eabi/lib/thumb/v7-m/nofp\libc_nano.a(lib_a-malloc.o)
                0x000000000800b59c                free
 .text.memset   0x000000000800b5ac       0x10 c:/st/stm32cubeide_1.7.0/stm32cubeide/plugins/com.st.stm32cube.ide.mcu.externaltools.gnu-tools-for-stm32.9-2020-q2-update.win32_2.0.0.202105311346/tools/bin/../lib/gcc/arm-none-eabi/9.3.1/../../../../arm-none-eabi/lib/thumb/v7-m/nofp\libc_nano.a(lib_a-memset.o)
                0x000000000800b5ac                memset
 .text._free_r  0x000000000800b5bc       0x98 c:/st/stm32cubeide_1.7.0/stm32cubeide/plugins/com.st.stm32cube.ide.mcu.externaltools.gnu-tools-for-stm32.9-2020-q2-update.win32_2.0.0.202105311346/tools/bin/../lib/gcc/arm-none-eabi/9.3.1/../../../../arm-none-eabi/lib/thumb/v7-m/nofp\libc_nano.a(lib_a-nano-freer.o)
                0x000000000800b5bc                _free_r
 .text._malloc_r
                0x000000000800b654       0xb4 c:/st/stm32cubeide_1.7.0/stm32cubeide/plugins/com.st.stm32cube.ide.mcu.externaltools.gnu-tools-for-stm32.9-2020-q2-update.win32_2.0.0.202105311346/tools/bin/../lib/gcc/arm-none-eabi/9.3.1/../../../../arm-none-eabi/lib/thumb/v7-m/nofp\libc_nano.a(lib_a-nano-mallocr.o)
                0x000000000800b654                _malloc_r
 .text._sbrk_r  0x000000000800b708       0x20 c:/st/stm32cubeide_1.7.0/stm32cubeide/plugins/com.st.stm32cube.ide.mcu.externaltools.gnu-tools-for-stm32.9-2020-q2-update.win32_2.0.0.202105311346/tools/bin/../lib/gcc/arm-none-eabi/9.3.1/../../../../arm-none-eabi/lib/thumb/v7-m/nofp\libc_nano.a(lib_a-sbrkr.o)
                0x000000000800b708                _sbrk_r
 .text.sprintf  0x000000000800b728       0x40 c:/st/stm32cubeide_1.7.0/stm32cubeide/plugins/com.st.stm32cube.ide.mcu.externaltools.gnu-tools-for-stm32.9-2020-q2-update.win32_2.0.0.202105311346/tools/bin/../lib/gcc/arm-none-eabi/9.3.1/../../../../arm-none-eabi/lib/thumb/v7-m/nofp\libc_nano.a(lib_a-sprintf.o)
                0x000000000800b728                siprintf
                0x000000000800b728                sprintf
 .text.__malloc_lock
                0x000000000800b768        0xc c:/st/stm32cubeide_1.7.0/stm32cubeide/plugins/com.st.stm32cube.ide.mcu.externaltools.gnu-tools-for-stm32.9-2020-q2-update.win32_2.0.0.202105311346/tools/bin/../lib/gcc/arm-none-eabi/9.3.1/../../../../arm-none-eabi/lib/thumb/v7-m/nofp\libc_nano.a(lib_a-mlock.o)
                0x000000000800b768                __malloc_lock
 .text.__malloc_unlock
                0x000000000800b774        0xc c:/st/stm32cubeide_1.7.0/stm32cubeide/plugins/com.st.stm32cube.ide.mcu.externaltools.gnu-tools-for-stm32.9-2020-q2-update.win32_2.0.0.202105311346/tools/bin/../lib/gcc/arm-none-eabi/9.3.1/../../../../arm-none-eabi/lib/thumb/v7-m/nofp\libc_nano.a(lib_a-mlock.o)
                0x000000000800b774                __malloc_unlock
 .text.__ssputs_r
                0x000000000800b780       0xb6 c:/st/stm32cubeide_1.7.0/stm32cubeide/plugins/com.st.stm32cube.ide.mcu.externaltools.gnu-tools-for-stm32.9-2020-q2-update.win32_2.0.0.202105311346/tools/bin/../lib/gcc/arm-none-eabi/9.3.1/../../../../arm-none-eabi/lib/thumb/v7-m/nofp\libc_nano.a(lib_a-nano-svfprintf.o)
                0x000000000800b780                __ssputs_r
 *fill*         0x000000000800b836        0x2 
 .text._svfprintf_r
                0x000000000800b838      0x200 c:/st/stm32cubeide_1.7.0/stm32cubeide/plugins/com.st.stm32cube.ide.mcu.externaltools.gnu-tools-for-stm32.9-2020-q2-update.win32_2.0.0.202105311346/tools/bin/../lib/gcc/arm-none-eabi/9.3.1/../../../../arm-none-eabi/lib/thumb/v7-m/nofp\libc_nano.a(lib_a-nano-svfprintf.o)
                0x000000000800b838                _svfiprintf_r
                0x000000000800b838                _svfprintf_r
 .text._printf_common
                0x000000000800ba38       0xde c:/st/stm32cubeide_1.7.0/stm32cubeide/plugins/com.st.stm32cube.ide.mcu.externaltools.gnu-tools-for-stm32.9-2020-q2-update.win32_2.0.0.202105311346/tools/bin/../lib/gcc/arm-none-eabi/9.3.1/../../../../arm-none-eabi/lib/thumb/v7-m/nofp\libc_nano.a(lib_a-nano-vfprintf_i.o)
                0x000000000800ba38                _printf_common
 *fill*         0x000000000800bb16        0x2 
 .text._printf_i
                0x000000000800bb18      0x24c c:/st/stm32cubeide_1.7.0/stm32cubeide/plugins/com.st.stm32cube.ide.mcu.externaltools.gnu-tools-for-stm32.9-2020-q2-update.win32_2.0.0.202105311346/tools/bin/../lib/gcc/arm-none-eabi/9.3.1/../../../../arm-none-eabi/lib/thumb/v7-m/nofp\libc_nano.a(lib_a-nano-vfprintf_i.o)
                0x000000000800bb18                _printf_i
 .text.__retarget_lock_acquire_recursive
                0x000000000800bd64        0x2 c:/st/stm32cubeide_1.7.0/stm32cubeide/plugins/com.st.stm32cube.ide.mcu.externaltools.gnu-tools-for-stm32.9-2020-q2-update.win32_2.0.0.202105311346/tools/bin/../lib/gcc/arm-none-eabi/9.3.1/../../../../arm-none-eabi/lib/thumb/v7-m/nofp\libc_nano.a(lib_a-lock.o)
                0x000000000800bd64                __retarget_lock_acquire_recursive
 .text.__retarget_lock_release_recursive
                0x000000000800bd66        0x2 c:/st/stm32cubeide_1.7.0/stm32cubeide/plugins/com.st.stm32cube.ide.mcu.externaltools.gnu-tools-for-stm32.9-2020-q2-update.win32_2.0.0.202105311346/tools/bin/../lib/gcc/arm-none-eabi/9.3.1/../../../../arm-none-eabi/lib/thumb/v7-m/nofp\libc_nano.a(lib_a-lock.o)
                0x000000000800bd66                __retarget_lock_release_recursive
 .text.memchr   0x000000000800bd68       0x1c c:/st/stm32cubeide_1.7.0/stm32cubeide/plugins/com.st.stm32cube.ide.mcu.externaltools.gnu-tools-for-stm32.9-2020-q2-update.win32_2.0.0.202105311346/tools/bin/../lib/gcc/arm-none-eabi/9.3.1/../../../../arm-none-eabi/lib/thumb/v7-m/nofp\libc_nano.a(lib_a-memchr-stub.o)
                0x000000000800bd68                memchr
 .text.memcpy   0x000000000800bd84       0x1c c:/st/stm32cubeide_1.7.0/stm32cubeide/plugins/com.st.stm32cube.ide.mcu.externaltools.gnu-tools-for-stm32.9-2020-q2-update.win32_2.0.0.202105311346/tools/bin/../lib/gcc/arm-none-eabi/9.3.1/../../../../arm-none-eabi/lib/thumb/v7-m/nofp\libc_nano.a(lib_a-memcpy-stub.o)
                0x000000000800bd84                memcpy
 .text.memmove  0x000000000800bda0       0x34 c:/st/stm32cubeide_1.7.0/stm32cubeide/plugins/com.st.stm32cube.ide.mcu.externaltools.gnu-tools-for-stm32.9-2020-q2-update.win32_2.0.0.202105311346/tools/bin/../lib/gcc/arm-none-eabi/9.3.1/../../../../arm-none-eabi/lib/thumb/v7-m/nofp\libc_nano.a(lib_a-memmove.o)
                0x000000000800bda0                memmove
 .text._realloc_r
                0x000000000800bdd4       0x4c c:/st/stm32cubeide_1.7.0/stm32cubeide/plugins/com.st.stm32cube.ide.mcu.externaltools.gnu-tools-for-stm32.9-2020-q2-update.win32_2.0.0.202105311346/tools/bin/../lib/gcc/arm-none-eabi/9.3.1/../../../../arm-none-eabi/lib/thumb/v7-m/nofp\libc_nano.a(lib_a-nano-reallocr.o)
                0x000000000800bdd4                _realloc_r
 .text._malloc_usable_size_r
                0x000000000800be20       0x10 c:/st/stm32cubeide_1.7.0/stm32cubeide/plugins/com.st.stm32cube.ide.mcu.externaltools.gnu-tools-for-stm32.9-2020-q2-update.win32_2.0.0.202105311346/tools/bin/../lib/gcc/arm-none-eabi/9.3.1/../../../../arm-none-eabi/lib/thumb/v7-m/nofp\libc_nano.a(lib_a-nano-msizer.o)
                0x000000000800be20                _malloc_usable_size_r
 .text.pow      0x000000000800be30      0x158 c:/st/stm32cubeide_1.7.0/stm32cubeide/plugins/com.st.stm32cube.ide.mcu.externaltools.gnu-tools-for-stm32.9-2020-q2-update.win32_2.0.0.202105311346/tools/bin/../lib/gcc/arm-none-eabi/9.3.1/../../../../arm-none-eabi/lib/thumb/v7-m/nofp\libm.a(lib_a-w_pow.o)
                0x000000000800be30                pow
 .text.__ieee754_pow
                0x000000000800bf88      0xa2c c:/st/stm32cubeide_1.7.0/stm32cubeide/plugins/com.st.stm32cube.ide.mcu.externaltools.gnu-tools-for-stm32.9-2020-q2-update.win32_2.0.0.202105311346/tools/bin/../lib/gcc/arm-none-eabi/9.3.1/../../../../arm-none-eabi/lib/thumb/v7-m/nofp\libm.a(lib_a-e_pow.o)
                0x000000000800bf88                __ieee754_pow
 .text.__ieee754_sqrt
                0x000000000800c9b4      0x158 c:/st/stm32cubeide_1.7.0/stm32cubeide/plugins/com.st.stm32cube.ide.mcu.externaltools.gnu-tools-for-stm32.9-2020-q2-update.win32_2.0.0.202105311346/tools/bin/../lib/gcc/arm-none-eabi/9.3.1/../../../../arm-none-eabi/lib/thumb/v7-m/nofp\libm.a(lib_a-e_sqrt.o)
                0x000000000800c9b4                __ieee754_sqrt
 .text.fabs     0x000000000800cb0c        0x6 c:/st/stm32cubeide_1.7.0/stm32cubeide/plugins/com.st.stm32cube.ide.mcu.externaltools.gnu-tools-for-stm32.9-2020-q2-update.win32_2.0.0.202105311346/tools/bin/../lib/gcc/arm-none-eabi/9.3.1/../../../../arm-none-eabi/lib/thumb/v7-m/nofp\libm.a(lib_a-s_fabs.o)
                0x000000000800cb0c                fabs
 .text.finite   0x000000000800cb12        0xc c:/st/stm32cubeide_1.7.0/stm32cubeide/plugins/com.st.stm32cube.ide.mcu.externaltools.gnu-tools-for-stm32.9-2020-q2-update.win32_2.0.0.202105311346/tools/bin/../lib/gcc/arm-none-eabi/9.3.1/../../../../arm-none-eabi/lib/thumb/v7-m/nofp\libm.a(lib_a-s_finite.o)
                0x000000000800cb12                finite
 *fill*         0x000000000800cb1e        0x2 
 .text.nan      0x000000000800cb20        0xc c:/st/stm32cubeide_1.7.0/stm32cubeide/plugins/com.st.stm32cube.ide.mcu.externaltools.gnu-tools-for-stm32.9-2020-q2-update.win32_2.0.0.202105311346/tools/bin/../lib/gcc/arm-none-eabi/9.3.1/../../../../arm-none-eabi/lib/thumb/v7-m/nofp\libm.a(lib_a-s_nan.o)
                0x000000000800cb20                nan
 .text.rint     0x000000000800cb2c      0x114 c:/st/stm32cubeide_1.7.0/stm32cubeide/plugins/com.st.stm32cube.ide.mcu.externaltools.gnu-tools-for-stm32.9-2020-q2-update.win32_2.0.0.202105311346/tools/bin/../lib/gcc/arm-none-eabi/9.3.1/../../../../arm-none-eabi/lib/thumb/v7-m/nofp\libm.a(lib_a-s_rint.o)
                0x000000000800cb2c                rint
 .text.scalbn   0x000000000800cc40      0x10c c:/st/stm32cubeide_1.7.0/stm32cubeide/plugins/com.st.stm32cube.ide.mcu.externaltools.gnu-tools-for-stm32.9-2020-q2-update.win32_2.0.0.202105311346/tools/bin/../lib/gcc/arm-none-eabi/9.3.1/../../../../arm-none-eabi/lib/thumb/v7-m/nofp\libm.a(lib_a-s_scalbn.o)
                0x000000000800cc40                scalbn
 *(.glue_7)
 .glue_7        0x000000000800cd4c        0x0 linker stubs
 *(.glue_7t)
 .glue_7t       0x000000000800cd4c        0x0 linker stubs
 *(.eh_frame)
 .eh_frame      0x000000000800cd4c        0x0 c:/st/stm32cubeide_1.7.0/stm32cubeide/plugins/com.st.stm32cube.ide.mcu.externaltools.gnu-tools-for-stm32.9-2020-q2-update.win32_2.0.0.202105311346/tools/bin/../lib/gcc/arm-none-eabi/9.3.1/thumb/v7-m/nofp/crtbegin.o
 *(.init)
 .init          0x000000000800cd4c        0x4 c:/st/stm32cubeide_1.7.0/stm32cubeide/plugins/com.st.stm32cube.ide.mcu.externaltools.gnu-tools-for-stm32.9-2020-q2-update.win32_2.0.0.202105311346/tools/bin/../lib/gcc/arm-none-eabi/9.3.1/thumb/v7-m/nofp/crti.o
                0x000000000800cd4c                _init
 .init          0x000000000800cd50        0x8 c:/st/stm32cubeide_1.7.0/stm32cubeide/plugins/com.st.stm32cube.ide.mcu.externaltools.gnu-tools-for-stm32.9-2020-q2-update.win32_2.0.0.202105311346/tools/bin/../lib/gcc/arm-none-eabi/9.3.1/thumb/v7-m/nofp/crtn.o
 *(.fini)
 .fini          0x000000000800cd58        0x4 c:/st/stm32cubeide_1.7.0/stm32cubeide/plugins/com.st.stm32cube.ide.mcu.externaltools.gnu-tools-for-stm32.9-2020-q2-update.win32_2.0.0.202105311346/tools/bin/../lib/gcc/arm-none-eabi/9.3.1/thumb/v7-m/nofp/crti.o
                0x000000000800cd58                _fini
 .fini          0x000000000800cd5c        0x8 c:/st/stm32cubeide_1.7.0/stm32cubeide/plugins/com.st.stm32cube.ide.mcu.externaltools.gnu-tools-for-stm32.9-2020-q2-update.win32_2.0.0.202105311346/tools/bin/../lib/gcc/arm-none-eabi/9.3.1/thumb/v7-m/nofp/crtn.o
                0x000000000800cd64                . = ALIGN (0x4)
                0x000000000800cd64                _etext = .

.vfp11_veneer   0x000000000800cd64        0x0
 .vfp11_veneer  0x000000000800cd64        0x0 linker stubs

.v4_bx          0x000000000800cd64        0x0
 .v4_bx         0x000000000800cd64        0x0 linker stubs

.iplt           0x000000000800cd64        0x0
 .iplt          0x000000000800cd64        0x0 c:/st/stm32cubeide_1.7.0/stm32cubeide/plugins/com.st.stm32cube.ide.mcu.externaltools.gnu-tools-for-stm32.9-2020-q2-update.win32_2.0.0.202105311346/tools/bin/../lib/gcc/arm-none-eabi/9.3.1/thumb/v7-m/nofp/crtbegin.o

.rodata         0x000000000800cd68      0x818
                0x000000000800cd68                . = ALIGN (0x4)
 *(.rodata)
 .rodata        0x000000000800cd68      0x1de ./Core/Src/main.o
 *fill*         0x000000000800cf46        0x2 
 .rodata        0x000000000800cf48       0x10 ./Drivers/STM32F1xx_HAL_Driver/Src/stm32f1xx_hal_rcc.o
 .rodata        0x000000000800cf58       0x48 ./Middlewares/Third_Party/FatFs/src/ff.o
 *(.rodata*)
 .rodata.AHBPrescTable
                0x000000000800cfa0       0x10 ./Core/Src/system_stm32f1xx.o
                0x000000000800cfa0                AHBPrescTable
 .rodata.APBPrescTable
                0x000000000800cfb0        0x8 ./Core/Src/system_stm32f1xx.o
                0x000000000800cfb0                APBPrescTable
 .rodata.ExCvt  0x000000000800cfb8       0x80 ./Middlewares/Third_Party/FatFs/src/ff.o
 .rodata.LfnOfs
                0x000000000800d038        0xd ./Middlewares/Third_Party/FatFs/src/ff.o
 *fill*         0x000000000800d045        0x3 
 .rodata.Tbl    0x000000000800d048      0x100 ./Middlewares/Third_Party/FatFs/src/option/ccsbcs.o
 .rodata.tbl_lower.6709
                0x000000000800d148      0x1e0 ./Middlewares/Third_Party/FatFs/src/option/ccsbcs.o
 .rodata.tbl_upper.6710
                0x000000000800d328      0x1e0 ./Middlewares/Third_Party/FatFs/src/option/ccsbcs.o
 .rodata._svfprintf_r.str1.1
                0x000000000800d508       0x11 c:/st/stm32cubeide_1.7.0/stm32cubeide/plugins/com.st.stm32cube.ide.mcu.externaltools.gnu-tools-for-stm32.9-2020-q2-update.win32_2.0.0.202105311346/tools/bin/../lib/gcc/arm-none-eabi/9.3.1/../../../../arm-none-eabi/lib/thumb/v7-m/nofp\libc_nano.a(lib_a-nano-svfprintf.o)
 .rodata._printf_i.str1.1
                0x000000000800d519       0x22 c:/st/stm32cubeide_1.7.0/stm32cubeide/plugins/com.st.stm32cube.ide.mcu.externaltools.gnu-tools-for-stm32.9-2020-q2-update.win32_2.0.0.202105311346/tools/bin/../lib/gcc/arm-none-eabi/9.3.1/../../../../arm-none-eabi/lib/thumb/v7-m/nofp\libc_nano.a(lib_a-nano-vfprintf_i.o)
 .rodata.__ieee754_pow.str1.1
                0x000000000800d53b       0x22 c:/st/stm32cubeide_1.7.0/stm32cubeide/plugins/com.st.stm32cube.ide.mcu.externaltools.gnu-tools-for-stm32.9-2020-q2-update.win32_2.0.0.202105311346/tools/bin/../lib/gcc/arm-none-eabi/9.3.1/../../../../arm-none-eabi/lib/thumb/v7-m/nofp\libm.a(lib_a-e_pow.o)
                                          0x1 (size before relaxing)
 *fill*         0x000000000800d53b        0x5 
 .rodata.bp     0x000000000800d540       0x10 c:/st/stm32cubeide_1.7.0/stm32cubeide/plugins/com.st.stm32cube.ide.mcu.externaltools.gnu-tools-for-stm32.9-2020-q2-update.win32_2.0.0.202105311346/tools/bin/../lib/gcc/arm-none-eabi/9.3.1/../../../../arm-none-eabi/lib/thumb/v7-m/nofp\libm.a(lib_a-e_pow.o)
 .rodata.dp_h   0x000000000800d550       0x10 c:/st/stm32cubeide_1.7.0/stm32cubeide/plugins/com.st.stm32cube.ide.mcu.externaltools.gnu-tools-for-stm32.9-2020-q2-update.win32_2.0.0.202105311346/tools/bin/../lib/gcc/arm-none-eabi/9.3.1/../../../../arm-none-eabi/lib/thumb/v7-m/nofp\libm.a(lib_a-e_pow.o)
 .rodata.dp_l   0x000000000800d560       0x10 c:/st/stm32cubeide_1.7.0/stm32cubeide/plugins/com.st.stm32cube.ide.mcu.externaltools.gnu-tools-for-stm32.9-2020-q2-update.win32_2.0.0.202105311346/tools/bin/../lib/gcc/arm-none-eabi/9.3.1/../../../../arm-none-eabi/lib/thumb/v7-m/nofp\libm.a(lib_a-e_pow.o)
 .rodata.TWO52  0x000000000800d570       0x10 c:/st/stm32cubeide_1.7.0/stm32cubeide/plugins/com.st.stm32cube.ide.mcu.externaltools.gnu-tools-for-stm32.9-2020-q2-update.win32_2.0.0.202105311346/tools/bin/../lib/gcc/arm-none-eabi/9.3.1/../../../../arm-none-eabi/lib/thumb/v7-m/nofp\libm.a(lib_a-s_rint.o)
                0x000000000800d580                . = ALIGN (0x4)

.rel.dyn        0x000000000800d580        0x0
 .rel.iplt      0x000000000800d580        0x0 c:/st/stm32cubeide_1.7.0/stm32cubeide/plugins/com.st.stm32cube.ide.mcu.externaltools.gnu-tools-for-stm32.9-2020-q2-update.win32_2.0.0.202105311346/tools/bin/../lib/gcc/arm-none-eabi/9.3.1/thumb/v7-m/nofp/crtbegin.o

.ARM.extab      0x000000000800d580        0x0
                0x000000000800d580                . = ALIGN (0x4)
 *(.ARM.extab* .gnu.linkonce.armextab.*)
                0x000000000800d580                . = ALIGN (0x4)

.ARM            0x000000000800d580        0x0
                0x000000000800d580                . = ALIGN (0x4)
                0x000000000800d580                __exidx_start = .
 *(.ARM.exidx*)
                0x000000000800d580                __exidx_end = .
                0x000000000800d580                . = ALIGN (0x4)

.preinit_array  0x000000000800d580        0x0
                0x000000000800d580                . = ALIGN (0x4)
                0x000000000800d580                PROVIDE (__preinit_array_start = .)
 *(.preinit_array*)
                0x000000000800d580                PROVIDE (__preinit_array_end = .)
                0x000000000800d580                . = ALIGN (0x4)

.init_array     0x000000000800d580        0x4
                0x000000000800d580                . = ALIGN (0x4)
                0x000000000800d580                PROVIDE (__init_array_start = .)
 *(SORT_BY_NAME(.init_array.*))
 *(.init_array*)
 .init_array    0x000000000800d580        0x4 c:/st/stm32cubeide_1.7.0/stm32cubeide/plugins/com.st.stm32cube.ide.mcu.externaltools.gnu-tools-for-stm32.9-2020-q2-update.win32_2.0.0.202105311346/tools/bin/../lib/gcc/arm-none-eabi/9.3.1/thumb/v7-m/nofp/crtbegin.o
                0x000000000800d584                PROVIDE (__init_array_end = .)
                0x000000000800d584                . = ALIGN (0x4)

.fini_array     0x000000000800d584        0x4
                0x000000000800d584                . = ALIGN (0x4)
                [!provide]                        PROVIDE (__fini_array_start = .)
 *(SORT_BY_NAME(.fini_array.*))
 *(.fini_array*)
 .fini_array    0x000000000800d584        0x4 c:/st/stm32cubeide_1.7.0/stm32cubeide/plugins/com.st.stm32cube.ide.mcu.externaltools.gnu-tools-for-stm32.9-2020-q2-update.win32_2.0.0.202105311346/tools/bin/../lib/gcc/arm-none-eabi/9.3.1/thumb/v7-m/nofp/crtbegin.o
                [!provide]                        PROVIDE (__fini_array_end = .)
                0x000000000800d588                . = ALIGN (0x4)
                0x000000000800d588                _sidata = LOADADDR (.data)

.data           0x0000000020000000       0xf4 load address 0x000000000800d588
                0x0000000020000000                . = ALIGN (0x4)
                0x0000000020000000                _sdata = .
 *(.data)
 *(.data*)
 .data.Stat     0x0000000020000000        0x1 ./Core/Src/fatfs_sd.o
 *fill*         0x0000000020000001        0x3 
 .data.salidaReles
                0x0000000020000004       0x22 ./Core/Src/main.o
                0x0000000020000004                salidaReles
 *fill*         0x0000000020000026        0x2 
 .data.mensaje1
                0x0000000020000028        0x8 ./Core/Src/main.o
                0x0000000020000028                mensaje1
 .data.mensaje2
                0x0000000020000030        0x8 ./Core/Src/main.o
                0x0000000020000030                mensaje2
 .data.mensaje3
                0x0000000020000038        0x8 ./Core/Src/main.o
                0x0000000020000038                mensaje3
 .data.menu_conf
                0x0000000020000040        0x1 ./Core/Src/main.o
                0x0000000020000040                menu_conf
 .data.paso     0x0000000020000041        0x1 ./Core/Src/main.o
                0x0000000020000041                paso
 .data.leer     0x0000000020000042        0x1 ./Core/Src/main.o
                0x0000000020000042                leer
 .data.tiempo   0x0000000020000043        0x1 ./Core/Src/main.o
                0x0000000020000043                tiempo
 .data.P_min    0x0000000020000044        0x1 ./Core/Src/main.o
                0x0000000020000044                P_min
 .data.P_max    0x0000000020000045        0x1 ./Core/Src/main.o
                0x0000000020000045                P_max
 .data.P_pas    0x0000000020000046        0x1 ./Core/Src/main.o
                0x0000000020000046                P_pas
 .data.P_modo   0x0000000020000047        0x1 ./Core/Src/main.o
                0x0000000020000047                P_modo
 .data.P_modo_franco
                0x0000000020000048        0x1 ./Core/Src/main.o
                0x0000000020000048                P_modo_franco
 *fill*         0x0000000020000049        0x3 
 .data.customChar
                0x000000002000004c        0x8 ./Core/Src/main.o
                0x000000002000004c                customChar
 .data.ambos    0x0000000020000054        0x8 ./Core/Src/main.o
                0x0000000020000054                ambos
 .data.arriba   0x000000002000005c        0x8 ./Core/Src/main.o
                0x000000002000005c                arriba
 .data.abajo    0x0000000020000064        0x8 ./Core/Src/main.o
                0x0000000020000064                abajo
 .data.SystemCoreClock
                0x000000002000006c        0x4 ./Core/Src/system_stm32f1xx.o
                0x000000002000006c                SystemCoreClock
 .data.uwTickPrio
                0x0000000020000070        0x4 ./Drivers/STM32F1xx_HAL_Driver/Src/stm32f1xx_hal.o
                0x0000000020000070                uwTickPrio
 .data.uwTickFreq
                0x0000000020000074        0x1 ./Drivers/STM32F1xx_HAL_Driver/Src/stm32f1xx_hal.o
                0x0000000020000074                uwTickFreq
 *fill*         0x0000000020000075        0x3 
 .data.USER_Driver
                0x0000000020000078       0x14 ./FATFS/Target/user_diskio.o
                0x0000000020000078                USER_Driver
 .data._impure_ptr
                0x000000002000008c        0x4 c:/st/stm32cubeide_1.7.0/stm32cubeide/plugins/com.st.stm32cube.ide.mcu.externaltools.gnu-tools-for-stm32.9-2020-q2-update.win32_2.0.0.202105311346/tools/bin/../lib/gcc/arm-none-eabi/9.3.1/../../../../arm-none-eabi/lib/thumb/v7-m/nofp\libc_nano.a(lib_a-impure.o)
                0x000000002000008c                _impure_ptr
 .data.impure_data
                0x0000000020000090       0x60 c:/st/stm32cubeide_1.7.0/stm32cubeide/plugins/com.st.stm32cube.ide.mcu.externaltools.gnu-tools-for-stm32.9-2020-q2-update.win32_2.0.0.202105311346/tools/bin/../lib/gcc/arm-none-eabi/9.3.1/../../../../arm-none-eabi/lib/thumb/v7-m/nofp\libc_nano.a(lib_a-impure.o)
 .data.__fdlib_version
                0x00000000200000f0        0x1 c:/st/stm32cubeide_1.7.0/stm32cubeide/plugins/com.st.stm32cube.ide.mcu.externaltools.gnu-tools-for-stm32.9-2020-q2-update.win32_2.0.0.202105311346/tools/bin/../lib/gcc/arm-none-eabi/9.3.1/../../../../arm-none-eabi/lib/thumb/v7-m/nofp\libm.a(lib_a-s_lib_ver.o)
                0x00000000200000f0                __fdlib_version
 *(.RamFunc)
 *(.RamFunc*)
                0x00000000200000f4                . = ALIGN (0x4)
 *fill*         0x00000000200000f1        0x3 
                0x00000000200000f4                _edata = .

.igot.plt       0x00000000200000f4        0x0 load address 0x000000000800d67c
 .igot.plt      0x00000000200000f4        0x0 c:/st/stm32cubeide_1.7.0/stm32cubeide/plugins/com.st.stm32cube.ide.mcu.externaltools.gnu-tools-for-stm32.9-2020-q2-update.win32_2.0.0.202105311346/tools/bin/../lib/gcc/arm-none-eabi/9.3.1/thumb/v7-m/nofp/crtbegin.o
                0x00000000200000f4                . = ALIGN (0x4)

.bss            0x00000000200000f4     0x1424 load address 0x000000000800d67c
                0x00000000200000f4                _sbss = .
                0x00000000200000f4                __bss_start__ = _sbss
 *(.bss)
 .bss           0x00000000200000f4       0x1c c:/st/stm32cubeide_1.7.0/stm32cubeide/plugins/com.st.stm32cube.ide.mcu.externaltools.gnu-tools-for-stm32.9-2020-q2-update.win32_2.0.0.202105311346/tools/bin/../lib/gcc/arm-none-eabi/9.3.1/thumb/v7-m/nofp/crtbegin.o
 *(.bss*)
 .bss.CardType  0x0000000020000110        0x1 ./Core/Src/fatfs_sd.o
 .bss.PowerFlag
                0x0000000020000111        0x1 ./Core/Src/fatfs_sd.o
 .bss.h_calculo
                0x0000000020000112        0x1 ./Core/Src/main.o
                0x0000000020000112                h_calculo
 .bss.h_envio   0x0000000020000113        0x1 ./Core/Src/main.o
                0x0000000020000113                h_envio
 .bss.mantisa   0x0000000020000114        0x4 ./Core/Src/main.o
                0x0000000020000114                mantisa
 .bss.seg_up    0x0000000020000118        0x1 ./Core/Src/main.o
                0x0000000020000118                seg_up
 .bss.seg_down  0x0000000020000119        0x1 ./Core/Src/main.o
                0x0000000020000119                seg_down
 .bss.seg_left  0x000000002000011a        0x1 ./Core/Src/main.o
                0x000000002000011a                seg_left
 .bss.seg_right
                0x000000002000011b        0x1 ./Core/Src/main.o
                0x000000002000011b                seg_right
 .bss.menu_auto
                0x000000002000011c        0x1 ./Core/Src/main.o
                0x000000002000011c                menu_auto
 .bss.menu_manu
                0x000000002000011d        0x1 ./Core/Src/main.o
                0x000000002000011d                menu_manu
 .bss.pag_menu  0x000000002000011e        0x1 ./Core/Src/main.o
                0x000000002000011e                pag_menu
 .bss.g_menu    0x000000002000011f        0x1 ./Core/Src/main.o
                0x000000002000011f                g_menu
 .bss.m_cursor  0x0000000020000120        0x1 ./Core/Src/main.o
                0x0000000020000120                m_cursor
 .bss.cursor_fila
                0x0000000020000121        0x1 ./Core/Src/main.o
                0x0000000020000121                cursor_fila
 .bss.pag_anterior
                0x0000000020000122        0x1 ./Core/Src/main.o
                0x0000000020000122                pag_anterior
 .bss.P_sig     0x0000000020000123        0x1 ./Core/Src/main.o
                0x0000000020000123                P_sig
 .bss.direccion
                0x0000000020000124        0x1 ./Core/Src/main.o
                0x0000000020000124                direccion
 .bss.fin       0x0000000020000125        0x1 ./Core/Src/main.o
                0x0000000020000125                fin
 .bss.ultimo    0x0000000020000126        0x1 ./Core/Src/main.o
                0x0000000020000126                ultimo
 .bss.dif_hora  0x0000000020000127        0x1 ./Core/Src/main.o
                0x0000000020000127                dif_hora
 .bss.dif_minuto
                0x0000000020000128        0x1 ./Core/Src/main.o
                0x0000000020000128                dif_minuto
 .bss.dif_segundo
                0x0000000020000129        0x1 ./Core/Src/main.o
                0x0000000020000129                dif_segundo
 .bss.FatFsCnt  0x000000002000012a        0x1 ./Core/Src/stm32f1xx_it.o
                0x000000002000012a                FatFsCnt
 *fill*         0x000000002000012b        0x1 
 .bss.__sbrk_heap_end
                0x000000002000012c        0x4 ./Core/Src/sysmem.o
 .bss.FatFs     0x0000000020000130        0x4 ./Middlewares/Third_Party/FatFs/src/ff.o
 .bss.Fsid      0x0000000020000134        0x2 ./Middlewares/Third_Party/FatFs/src/ff.o
 *fill*         0x0000000020000136        0x2 
 .bss.Files     0x0000000020000138       0x18 ./Middlewares/Third_Party/FatFs/src/ff.o
 .bss.disk      0x0000000020000150        0xc ./Middlewares/Third_Party/FatFs/src/ff_gen_drv.o
                0x0000000020000150                disk
 .bss.__malloc_free_list
                0x000000002000015c        0x4 c:/st/stm32cubeide_1.7.0/stm32cubeide/plugins/com.st.stm32cube.ide.mcu.externaltools.gnu-tools-for-stm32.9-2020-q2-update.win32_2.0.0.202105311346/tools/bin/../lib/gcc/arm-none-eabi/9.3.1/../../../../arm-none-eabi/lib/thumb/v7-m/nofp\libc_nano.a(lib_a-nano-mallocr.o)
                0x000000002000015c                __malloc_free_list
 .bss.__malloc_sbrk_start
                0x0000000020000160        0x4 c:/st/stm32cubeide_1.7.0/stm32cubeide/plugins/com.st.stm32cube.ide.mcu.externaltools.gnu-tools-for-stm32.9-2020-q2-update.win32_2.0.0.202105311346/tools/bin/../lib/gcc/arm-none-eabi/9.3.1/../../../../arm-none-eabi/lib/thumb/v7-m/nofp\libc_nano.a(lib_a-nano-mallocr.o)
                0x0000000020000160                __malloc_sbrk_start
 *(COMMON)
 COMMON         0x0000000020000164      0xb37 ./Core/Src/main.o
                0x0000000020000164                fre_clust
                0x0000000020000168                tiempo2
                0x000000002000016c                set_minuto
                0x0000000020000170                hdma_usart3_rx
                0x00000000200001b4                huart3
                0x00000000200001f8                fno
                0x0000000020000218                fs
                0x0000000020000648                est_down
                0x000000002000064c                get_time
                0x0000000020000660                hi2c1
                0x00000000200006b4                M_Potencia
                0x00000000200006c5                set_segundo
                0x00000000200006c6                ex
                0x00000000200006c8                compsegundo
                0x00000000200006cc                br
                0x00000000200006d0                dato_b
                0x00000000200006d4                tiempo1
                0x00000000200006d8                hdma_usart3_tx
                0x000000002000071c                Potencia
                0x0000000020000724                free_space
                0x0000000020000728                buffer
                0x000000002000075c                Corriente
                0x0000000020000764                M_Corriente
                0x0000000020000775                est_right
                0x0000000020000776                devolucion
                0x0000000020000777                dato_d
                0x0000000020000778                paraBuffer
                0x000000002000077e                set_hors
                0x0000000020000780                crcinicio
                0x0000000020000784                htim1
                0x00000000200007cc                time
                0x00000000200007d4                bw
                0x00000000200007d8                est_up
                0x00000000200007dc                Tension
                0x00000000200007e4                pfs
                0x00000000200007e8                fresult
                0x00000000200007ec                hspi1
                0x0000000020000844                est_left
                0x0000000020000848                M_Tension
                0x000000002000085c                total
                0x0000000020000860                buffer1
                0x000000002000086c                fil
                0x0000000020000c98                ubicacion
                0x0000000020000c99                dato_a
                0x0000000020000c9a                dato_c
 *fill*         0x0000000020000c9b        0x1 
 COMMON         0x0000000020000c9c        0x4 ./Core/Src/stm32f1xx_it.o
                0x0000000020000c9c                Timer2
                0x0000000020000c9e                Timer1
 COMMON         0x0000000020000ca0        0x4 ./Drivers/STM32F1xx_HAL_Driver/Src/stm32f1xx_hal.o
                0x0000000020000ca0                uwTick
 COMMON         0x0000000020000ca4      0x864 ./FATFS/App/fatfs.o
                0x0000000020000ca4                USERPath
                0x0000000020000ca8                retUSER
                0x0000000020000cac                USERFile
                0x00000000200010d8                USERFatFS
 COMMON         0x0000000020001508        0x4 c:/st/stm32cubeide_1.7.0/stm32cubeide/plugins/com.st.stm32cube.ide.mcu.externaltools.gnu-tools-for-stm32.9-2020-q2-update.win32_2.0.0.202105311346/tools/bin/../lib/gcc/arm-none-eabi/9.3.1/../../../../arm-none-eabi/lib/thumb/v7-m/nofp\libc_nano.a(lib_a-reent.o)
                0x0000000020001508                errno
 COMMON         0x000000002000150c        0x9 c:/st/stm32cubeide_1.7.0/stm32cubeide/plugins/com.st.stm32cube.ide.mcu.externaltools.gnu-tools-for-stm32.9-2020-q2-update.win32_2.0.0.202105311346/tools/bin/../lib/gcc/arm-none-eabi/9.3.1/../../../../arm-none-eabi/lib/thumb/v7-m/nofp\libc_nano.a(lib_a-lock.o)
                0x000000002000150c                __lock___atexit_recursive_mutex
                0x000000002000150d                __lock___arc4random_mutex
                0x000000002000150e                __lock___env_recursive_mutex
                0x000000002000150f                __lock___sinit_recursive_mutex
                0x0000000020001510                __lock___malloc_recursive_mutex
                0x0000000020001511                __lock___at_quick_exit_mutex
                0x0000000020001512                __lock___dd_hash_mutex
                0x0000000020001513                __lock___tz_mutex
                0x0000000020001514                __lock___sfp_recursive_mutex
                0x0000000020001518                . = ALIGN (0x4)
 *fill*         0x0000000020001515        0x3 
                0x0000000020001518                _ebss = .
                0x0000000020001518                __bss_end__ = _ebss

._user_heap_stack
                0x0000000020001518      0x600 load address 0x000000000800d67c
                0x0000000020001518                . = ALIGN (0x8)
                [!provide]                        PROVIDE (end = .)
                0x0000000020001518                PROVIDE (_end = .)
                0x0000000020001718                . = (. + _Min_Heap_Size)
 *fill*         0x0000000020001518      0x200 
                0x0000000020001b18                . = (. + _Min_Stack_Size)
 *fill*         0x0000000020001718      0x400 
                0x0000000020001b18                . = ALIGN (0x8)

/DISCARD/
 libc.a(*)
 libm.a(*)
 libgcc.a(*)

.ARM.attributes
                0x0000000000000000       0x29
 *(.ARM.attributes)
 .ARM.attributes
                0x0000000000000000       0x1d c:/st/stm32cubeide_1.7.0/stm32cubeide/plugins/com.st.stm32cube.ide.mcu.externaltools.gnu-tools-for-stm32.9-2020-q2-update.win32_2.0.0.202105311346/tools/bin/../lib/gcc/arm-none-eabi/9.3.1/thumb/v7-m/nofp/crti.o
 .ARM.attributes
                0x000000000000001d       0x2d c:/st/stm32cubeide_1.7.0/stm32cubeide/plugins/com.st.stm32cube.ide.mcu.externaltools.gnu-tools-for-stm32.9-2020-q2-update.win32_2.0.0.202105311346/tools/bin/../lib/gcc/arm-none-eabi/9.3.1/thumb/v7-m/nofp/crtbegin.o
 .ARM.attributes
                0x000000000000004a       0x2d ./Core/Src/fatfs_sd.o
 .ARM.attributes
                0x0000000000000077       0x2d ./Core/Src/i2c-lcd.o
 .ARM.attributes
                0x00000000000000a4       0x2d ./Core/Src/main.o
 .ARM.attributes
                0x00000000000000d1       0x2d ./Core/Src/stm32f1xx_hal_msp.o
 .ARM.attributes
                0x00000000000000fe       0x2d ./Core/Src/stm32f1xx_it.o
 .ARM.attributes
                0x000000000000012b       0x2d ./Core/Src/sysmem.o
 .ARM.attributes
                0x0000000000000158       0x2d ./Core/Src/system_stm32f1xx.o
 .ARM.attributes
                0x0000000000000185       0x21 ./Core/Startup/startup_stm32f103c8tx.o
 .ARM.attributes
                0x00000000000001a6       0x2d ./Drivers/STM32F1xx_HAL_Driver/Src/stm32f1xx_hal.o
 .ARM.attributes
                0x00000000000001d3       0x2d ./Drivers/STM32F1xx_HAL_Driver/Src/stm32f1xx_hal_cortex.o
 .ARM.attributes
                0x0000000000000200       0x2d ./Drivers/STM32F1xx_HAL_Driver/Src/stm32f1xx_hal_dma.o
 .ARM.attributes
                0x000000000000022d       0x2d ./Drivers/STM32F1xx_HAL_Driver/Src/stm32f1xx_hal_gpio.o
 .ARM.attributes
                0x000000000000025a       0x2d ./Drivers/STM32F1xx_HAL_Driver/Src/stm32f1xx_hal_i2c.o
 .ARM.attributes
                0x0000000000000287       0x2d ./Drivers/STM32F1xx_HAL_Driver/Src/stm32f1xx_hal_rcc.o
 .ARM.attributes
                0x00000000000002b4       0x2d ./Drivers/STM32F1xx_HAL_Driver/Src/stm32f1xx_hal_spi.o
 .ARM.attributes
                0x00000000000002e1       0x2d ./Drivers/STM32F1xx_HAL_Driver/Src/stm32f1xx_hal_tim.o
 .ARM.attributes
                0x000000000000030e       0x2d ./Drivers/STM32F1xx_HAL_Driver/Src/stm32f1xx_hal_tim_ex.o
 .ARM.attributes
                0x000000000000033b       0x2d ./Drivers/STM32F1xx_HAL_Driver/Src/stm32f1xx_hal_uart.o
 .ARM.attributes
                0x0000000000000368       0x2d ./FATFS/App/fatfs.o
 .ARM.attributes
                0x0000000000000395       0x2d ./FATFS/Target/user_diskio.o
 .ARM.attributes
                0x00000000000003c2       0x2d ./Middlewares/Third_Party/FatFs/src/diskio.o
 .ARM.attributes
                0x00000000000003ef       0x2d ./Middlewares/Third_Party/FatFs/src/ff.o
 .ARM.attributes
                0x000000000000041c       0x2d ./Middlewares/Third_Party/FatFs/src/ff_gen_drv.o
 .ARM.attributes
                0x0000000000000449       0x2d ./Middlewares/Third_Party/FatFs/src/option/ccsbcs.o
 .ARM.attributes
                0x0000000000000476       0x2d ./Middlewares/Third_Party/FatFs/src/option/syscall.o
 .ARM.attributes
                0x00000000000004a3       0x2d c:/st/stm32cubeide_1.7.0/stm32cubeide/plugins/com.st.stm32cube.ide.mcu.externaltools.gnu-tools-for-stm32.9-2020-q2-update.win32_2.0.0.202105311346/tools/bin/../lib/gcc/arm-none-eabi/9.3.1/../../../../arm-none-eabi/lib/thumb/v7-m/nofp\libc_nano.a(lib_a-errno.o)
 .ARM.attributes
                0x00000000000004d0       0x2d c:/st/stm32cubeide_1.7.0/stm32cubeide/plugins/com.st.stm32cube.ide.mcu.externaltools.gnu-tools-for-stm32.9-2020-q2-update.win32_2.0.0.202105311346/tools/bin/../lib/gcc/arm-none-eabi/9.3.1/../../../../arm-none-eabi/lib/thumb/v7-m/nofp\libc_nano.a(lib_a-impure.o)
 .ARM.attributes
                0x00000000000004fd       0x2d c:/st/stm32cubeide_1.7.0/stm32cubeide/plugins/com.st.stm32cube.ide.mcu.externaltools.gnu-tools-for-stm32.9-2020-q2-update.win32_2.0.0.202105311346/tools/bin/../lib/gcc/arm-none-eabi/9.3.1/../../../../arm-none-eabi/lib/thumb/v7-m/nofp\libc_nano.a(lib_a-init.o)
 .ARM.attributes
                0x000000000000052a       0x2d c:/st/stm32cubeide_1.7.0/stm32cubeide/plugins/com.st.stm32cube.ide.mcu.externaltools.gnu-tools-for-stm32.9-2020-q2-update.win32_2.0.0.202105311346/tools/bin/../lib/gcc/arm-none-eabi/9.3.1/../../../../arm-none-eabi/lib/thumb/v7-m/nofp\libc_nano.a(lib_a-malloc.o)
 .ARM.attributes
                0x0000000000000557       0x2d c:/st/stm32cubeide_1.7.0/stm32cubeide/plugins/com.st.stm32cube.ide.mcu.externaltools.gnu-tools-for-stm32.9-2020-q2-update.win32_2.0.0.202105311346/tools/bin/../lib/gcc/arm-none-eabi/9.3.1/../../../../arm-none-eabi/lib/thumb/v7-m/nofp\libc_nano.a(lib_a-memset.o)
 .ARM.attributes
                0x0000000000000584       0x2d c:/st/stm32cubeide_1.7.0/stm32cubeide/plugins/com.st.stm32cube.ide.mcu.externaltools.gnu-tools-for-stm32.9-2020-q2-update.win32_2.0.0.202105311346/tools/bin/../lib/gcc/arm-none-eabi/9.3.1/../../../../arm-none-eabi/lib/thumb/v7-m/nofp\libc_nano.a(lib_a-nano-freer.o)
 .ARM.attributes
                0x00000000000005b1       0x2d c:/st/stm32cubeide_1.7.0/stm32cubeide/plugins/com.st.stm32cube.ide.mcu.externaltools.gnu-tools-for-stm32.9-2020-q2-update.win32_2.0.0.202105311346/tools/bin/../lib/gcc/arm-none-eabi/9.3.1/../../../../arm-none-eabi/lib/thumb/v7-m/nofp\libc_nano.a(lib_a-nano-mallocr.o)
 .ARM.attributes
                0x00000000000005de       0x2d c:/st/stm32cubeide_1.7.0/stm32cubeide/plugins/com.st.stm32cube.ide.mcu.externaltools.gnu-tools-for-stm32.9-2020-q2-update.win32_2.0.0.202105311346/tools/bin/../lib/gcc/arm-none-eabi/9.3.1/../../../../arm-none-eabi/lib/thumb/v7-m/nofp\libc_nano.a(lib_a-sbrkr.o)
 .ARM.attributes
                0x000000000000060b       0x2d c:/st/stm32cubeide_1.7.0/stm32cubeide/plugins/com.st.stm32cube.ide.mcu.externaltools.gnu-tools-for-stm32.9-2020-q2-update.win32_2.0.0.202105311346/tools/bin/../lib/gcc/arm-none-eabi/9.3.1/../../../../arm-none-eabi/lib/thumb/v7-m/nofp\libc_nano.a(lib_a-sprintf.o)
 .ARM.attributes
                0x0000000000000638       0x2d c:/st/stm32cubeide_1.7.0/stm32cubeide/plugins/com.st.stm32cube.ide.mcu.externaltools.gnu-tools-for-stm32.9-2020-q2-update.win32_2.0.0.202105311346/tools/bin/../lib/gcc/arm-none-eabi/9.3.1/../../../../arm-none-eabi/lib/thumb/v7-m/nofp\libc_nano.a(lib_a-mlock.o)
 .ARM.attributes
                0x0000000000000665       0x2d c:/st/stm32cubeide_1.7.0/stm32cubeide/plugins/com.st.stm32cube.ide.mcu.externaltools.gnu-tools-for-stm32.9-2020-q2-update.win32_2.0.0.202105311346/tools/bin/../lib/gcc/arm-none-eabi/9.3.1/../../../../arm-none-eabi/lib/thumb/v7-m/nofp\libc_nano.a(lib_a-nano-svfprintf.o)
 .ARM.attributes
                0x0000000000000692       0x2d c:/st/stm32cubeide_1.7.0/stm32cubeide/plugins/com.st.stm32cube.ide.mcu.externaltools.gnu-tools-for-stm32.9-2020-q2-update.win32_2.0.0.202105311346/tools/bin/../lib/gcc/arm-none-eabi/9.3.1/../../../../arm-none-eabi/lib/thumb/v7-m/nofp\libc_nano.a(lib_a-nano-vfprintf_i.o)
 .ARM.attributes
                0x00000000000006bf       0x2d c:/st/stm32cubeide_1.7.0/stm32cubeide/plugins/com.st.stm32cube.ide.mcu.externaltools.gnu-tools-for-stm32.9-2020-q2-update.win32_2.0.0.202105311346/tools/bin/../lib/gcc/arm-none-eabi/9.3.1/../../../../arm-none-eabi/lib/thumb/v7-m/nofp\libc_nano.a(lib_a-reent.o)
 .ARM.attributes
                0x00000000000006ec       0x2d c:/st/stm32cubeide_1.7.0/stm32cubeide/plugins/com.st.stm32cube.ide.mcu.externaltools.gnu-tools-for-stm32.9-2020-q2-update.win32_2.0.0.202105311346/tools/bin/../lib/gcc/arm-none-eabi/9.3.1/../../../../arm-none-eabi/lib/thumb/v7-m/nofp\libc_nano.a(lib_a-lock.o)
 .ARM.attributes
                0x0000000000000719       0x2d c:/st/stm32cubeide_1.7.0/stm32cubeide/plugins/com.st.stm32cube.ide.mcu.externaltools.gnu-tools-for-stm32.9-2020-q2-update.win32_2.0.0.202105311346/tools/bin/../lib/gcc/arm-none-eabi/9.3.1/../../../../arm-none-eabi/lib/thumb/v7-m/nofp\libc_nano.a(lib_a-memchr-stub.o)
 .ARM.attributes
                0x0000000000000746       0x2d c:/st/stm32cubeide_1.7.0/stm32cubeide/plugins/com.st.stm32cube.ide.mcu.externaltools.gnu-tools-for-stm32.9-2020-q2-update.win32_2.0.0.202105311346/tools/bin/../lib/gcc/arm-none-eabi/9.3.1/../../../../arm-none-eabi/lib/thumb/v7-m/nofp\libc_nano.a(lib_a-memcpy-stub.o)
 .ARM.attributes
                0x0000000000000773       0x2d c:/st/stm32cubeide_1.7.0/stm32cubeide/plugins/com.st.stm32cube.ide.mcu.externaltools.gnu-tools-for-stm32.9-2020-q2-update.win32_2.0.0.202105311346/tools/bin/../lib/gcc/arm-none-eabi/9.3.1/../../../../arm-none-eabi/lib/thumb/v7-m/nofp\libc_nano.a(lib_a-memmove.o)
 .ARM.attributes
                0x00000000000007a0       0x2d c:/st/stm32cubeide_1.7.0/stm32cubeide/plugins/com.st.stm32cube.ide.mcu.externaltools.gnu-tools-for-stm32.9-2020-q2-update.win32_2.0.0.202105311346/tools/bin/../lib/gcc/arm-none-eabi/9.3.1/../../../../arm-none-eabi/lib/thumb/v7-m/nofp\libc_nano.a(lib_a-nano-reallocr.o)
 .ARM.attributes
                0x00000000000007cd       0x2d c:/st/stm32cubeide_1.7.0/stm32cubeide/plugins/com.st.stm32cube.ide.mcu.externaltools.gnu-tools-for-stm32.9-2020-q2-update.win32_2.0.0.202105311346/tools/bin/../lib/gcc/arm-none-eabi/9.3.1/../../../../arm-none-eabi/lib/thumb/v7-m/nofp\libc_nano.a(lib_a-nano-msizer.o)
 .ARM.attributes
                0x00000000000007fa       0x2d c:/st/stm32cubeide_1.7.0/stm32cubeide/plugins/com.st.stm32cube.ide.mcu.externaltools.gnu-tools-for-stm32.9-2020-q2-update.win32_2.0.0.202105311346/tools/bin/../lib/gcc/arm-none-eabi/9.3.1/../../../../arm-none-eabi/lib/thumb/v7-m/nofp\libm.a(lib_a-w_pow.o)
 .ARM.attributes
                0x0000000000000827       0x2d c:/st/stm32cubeide_1.7.0/stm32cubeide/plugins/com.st.stm32cube.ide.mcu.externaltools.gnu-tools-for-stm32.9-2020-q2-update.win32_2.0.0.202105311346/tools/bin/../lib/gcc/arm-none-eabi/9.3.1/../../../../arm-none-eabi/lib/thumb/v7-m/nofp\libm.a(lib_a-e_pow.o)
 .ARM.attributes
                0x0000000000000854       0x2d c:/st/stm32cubeide_1.7.0/stm32cubeide/plugins/com.st.stm32cube.ide.mcu.externaltools.gnu-tools-for-stm32.9-2020-q2-update.win32_2.0.0.202105311346/tools/bin/../lib/gcc/arm-none-eabi/9.3.1/../../../../arm-none-eabi/lib/thumb/v7-m/nofp\libm.a(lib_a-e_sqrt.o)
 .ARM.attributes
                0x0000000000000881       0x2d c:/st/stm32cubeide_1.7.0/stm32cubeide/plugins/com.st.stm32cube.ide.mcu.externaltools.gnu-tools-for-stm32.9-2020-q2-update.win32_2.0.0.202105311346/tools/bin/../lib/gcc/arm-none-eabi/9.3.1/../../../../arm-none-eabi/lib/thumb/v7-m/nofp\libm.a(lib_a-s_fabs.o)
 .ARM.attributes
                0x00000000000008ae       0x2d c:/st/stm32cubeide_1.7.0/stm32cubeide/plugins/com.st.stm32cube.ide.mcu.externaltools.gnu-tools-for-stm32.9-2020-q2-update.win32_2.0.0.202105311346/tools/bin/../lib/gcc/arm-none-eabi/9.3.1/../../../../arm-none-eabi/lib/thumb/v7-m/nofp\libm.a(lib_a-s_finite.o)
 .ARM.attributes
                0x00000000000008db       0x2d c:/st/stm32cubeide_1.7.0/stm32cubeide/plugins/com.st.stm32cube.ide.mcu.externaltools.gnu-tools-for-stm32.9-2020-q2-update.win32_2.0.0.202105311346/tools/bin/../lib/gcc/arm-none-eabi/9.3.1/../../../../arm-none-eabi/lib/thumb/v7-m/nofp\libm.a(lib_a-s_lib_ver.o)
 .ARM.attributes
                0x0000000000000908       0x2d c:/st/stm32cubeide_1.7.0/stm32cubeide/plugins/com.st.stm32cube.ide.mcu.externaltools.gnu-tools-for-stm32.9-2020-q2-update.win32_2.0.0.202105311346/tools/bin/../lib/gcc/arm-none-eabi/9.3.1/../../../../arm-none-eabi/lib/thumb/v7-m/nofp\libm.a(lib_a-s_nan.o)
 .ARM.attributes
                0x0000000000000935       0x2d c:/st/stm32cubeide_1.7.0/stm32cubeide/plugins/com.st.stm32cube.ide.mcu.externaltools.gnu-tools-for-stm32.9-2020-q2-update.win32_2.0.0.202105311346/tools/bin/../lib/gcc/arm-none-eabi/9.3.1/../../../../arm-none-eabi/lib/thumb/v7-m/nofp\libm.a(lib_a-s_rint.o)
 .ARM.attributes
                0x0000000000000962       0x2d c:/st/stm32cubeide_1.7.0/stm32cubeide/plugins/com.st.stm32cube.ide.mcu.externaltools.gnu-tools-for-stm32.9-2020-q2-update.win32_2.0.0.202105311346/tools/bin/../lib/gcc/arm-none-eabi/9.3.1/../../../../arm-none-eabi/lib/thumb/v7-m/nofp\libm.a(lib_a-s_scalbn.o)
 .ARM.attributes
                0x000000000000098f       0x1d c:/st/stm32cubeide_1.7.0/stm32cubeide/plugins/com.st.stm32cube.ide.mcu.externaltools.gnu-tools-for-stm32.9-2020-q2-update.win32_2.0.0.202105311346/tools/bin/../lib/gcc/arm-none-eabi/9.3.1/thumb/v7-m/nofp\libgcc.a(_arm_addsubdf3.o)
 .ARM.attributes
                0x00000000000009ac       0x1d c:/st/stm32cubeide_1.7.0/stm32cubeide/plugins/com.st.stm32cube.ide.mcu.externaltools.gnu-tools-for-stm32.9-2020-q2-update.win32_2.0.0.202105311346/tools/bin/../lib/gcc/arm-none-eabi/9.3.1/thumb/v7-m/nofp\libgcc.a(_arm_muldivdf3.o)
 .ARM.attributes
                0x00000000000009c9       0x1d c:/st/stm32cubeide_1.7.0/stm32cubeide/plugins/com.st.stm32cube.ide.mcu.externaltools.gnu-tools-for-stm32.9-2020-q2-update.win32_2.0.0.202105311346/tools/bin/../lib/gcc/arm-none-eabi/9.3.1/thumb/v7-m/nofp\libgcc.a(_arm_cmpdf2.o)
 .ARM.attributes
                0x00000000000009e6       0x1d c:/st/stm32cubeide_1.7.0/stm32cubeide/plugins/com.st.stm32cube.ide.mcu.externaltools.gnu-tools-for-stm32.9-2020-q2-update.win32_2.0.0.202105311346/tools/bin/../lib/gcc/arm-none-eabi/9.3.1/thumb/v7-m/nofp\libgcc.a(_arm_unorddf2.o)
 .ARM.attributes
                0x0000000000000a03       0x1d c:/st/stm32cubeide_1.7.0/stm32cubeide/plugins/com.st.stm32cube.ide.mcu.externaltools.gnu-tools-for-stm32.9-2020-q2-update.win32_2.0.0.202105311346/tools/bin/../lib/gcc/arm-none-eabi/9.3.1/thumb/v7-m/nofp\libgcc.a(_arm_fixunsdfsi.o)
 .ARM.attributes
                0x0000000000000a20       0x1d c:/st/stm32cubeide_1.7.0/stm32cubeide/plugins/com.st.stm32cube.ide.mcu.externaltools.gnu-tools-for-stm32.9-2020-q2-update.win32_2.0.0.202105311346/tools/bin/../lib/gcc/arm-none-eabi/9.3.1/thumb/v7-m/nofp/crtn.o