main.c:229:13:User_I2C1_GeneralPurposeOutput_Init	32	static
main.c:244:13:User_I2C1_AlternateFunction_Init	32	static
main.c:258:19:I2CResetBus	8	static
main.c:336:5:bufsize	24	static
main.c:343:6:clear_buffer	16	static
main.c:350:9:decToBcd	16	static
main.c:354:5:bcdToDec	16	static
main.c:369:6:Set_Time	48	static
main.c:383:6:Get_Time	32	static
main.c:409:6:pcf1_send	32	static
main.c:415:6:pcf2_send	32	static
main.c:421:6:Pulsadores	8	static
main.c:473:6:Lcd_Cursor	16	static
main.c:637:6:Escritura_SD	24	static
main.c:793:6:Calculo_modbus	32	static
main.c:842:6:Procesado	8	static
main.c:856:6:MuestraDisplay	24	static
main.c:902:6:Automatico	8	static
main.c:987:6:Manual	8	static
main.c:1005:6:Lcd_Menu	24	static
main.c:1138:6:Ajuste	8	static
main.c:1156:5:main	8	static
main.c:1261:6:SystemClock_Config	72	static
main.c:1300:13:MX_I2C1_Init	8	static
main.c:1334:13:MX_SPI1_Init	8	static
main.c:1372:13:MX_TIM1_Init	32	static
main.c:1418:13:MX_USART3_UART_Init	8	static
main.c:1449:13:MX_DMA_Init	16	static
main.c:1470:13:MX_GPIO_Init	40	static
main.c:1504:6:HAL_UART_TxCpltCallback	16	static
main.c:1515:6:HAL_UART_RxCpltCallback	16	static
main.c:1541:6:Error_Handler	4	static,ignoring_inline_asm
