main.c:224:13:User_I2C1_GeneralPurposeOutput_Init	32	static
main.c:239:13:User_I2C1_AlternateFunction_Init	32	static
main.c:253:19:I2CResetBus	8	static
main.c:331:5:bufsize	24	static
main.c:338:6:clear_buffer	16	static
main.c:345:9:decToBcd	16	static
main.c:349:5:bcdToDec	16	static
main.c:364:6:Set_Time	48	static
main.c:378:6:Get_Time	32	static
main.c:404:6:pcf1_send	32	static
main.c:410:6:pcf2_send	32	static
main.c:416:6:Pulsadores	8	static
main.c:468:6:Lcd_Cursor	16	static
main.c:626:6:Escritura_SD	24	static
main.c:782:6:Calculo_modbus	32	static
main.c:831:6:Procesado	8	static
main.c:845:6:MuestraTiempo	16	static
main.c:852:6:Automatico	16	static
main.c:946:6:Manual	8	static
main.c:964:6:Lcd_Menu	24	static
main.c:1097:6:Ajuste	8	static
main.c:1115:5:main	8	static
main.c:1220:6:SystemClock_Config	72	static
main.c:1259:13:MX_I2C1_Init	8	static
main.c:1293:13:MX_SPI1_Init	8	static
main.c:1331:13:MX_TIM1_Init	32	static
main.c:1377:13:MX_USART3_UART_Init	8	static
main.c:1408:13:MX_DMA_Init	16	static
main.c:1429:13:MX_GPIO_Init	40	static
main.c:1463:6:HAL_UART_TxCpltCallback	16	static
main.c:1474:6:HAL_UART_RxCpltCallback	16	static
main.c:1500:6:Error_Handler	4	static,ignoring_inline_asm
